<html>
<body>
<pre>
<h1>µVision Build Log</h1>
<h2>Project:</h2>
C:\Users\Guoping\Documents\rtx_blinky\rtx_blinky_ind.uvproj
Project File Date:  10/15/2014

<h2>Output:</h2>
Build target 'Flash'
linking...
Program Size: Code=8128 RO-data=420 RW-data=100 ZI-data=3732  
".\Flash\rtx_blinky_ind.axf" - 0 Error(s), 0 Warning(s).
Full Chip Erase Done.
Load "C:\\Users\\Guoping\\Documents\\rtx_blinky\\Flash\\rtx_blinky_ind.axf" 
Erase Done.
Programming Done.
Verify OK.
Application running ...
</pre>
</body>
</html>
).
Full Chip Erase Done.
Load "C:\\Users\\Guoping\\Documents\\rtx_blinky\\Flash\\rtx_blinky_ind.axf" 
Cannot Write to RAM for Flash Algorithms !
Erase Failed!
Error: Flash Download failed  -  "Cortex-M3"
