Component: ARM Compiler 5.06 (build 20) Tool: armlink [4d35a3]

==============================================================================

Section Cross References

    adc.o(.text) refers to adc.o(.data) for AD_last
    glcd.o(.text) refers to glcd.o(.data) for Himax
    glcd.o(.text) refers to glcd.o(.constdata) for Font_6x8_h
    main.o(.text) refers to adc.o(.text) for ADC_StartCnv
    main.o(.text) refers to rt_cmsis.o(i.osKernelSysTick) for osKernelSysTick
    main.o(.text) refers to rt_cmsis.o(i.osPoolAlloc) for osPoolAlloc
    main.o(.text) refers to rt_cmsis.o(i.osMessagePut) for osMessagePut
    main.o(.text) refers to rt_cmsis.o(i.osDelay) for osDelay
    main.o(.text) refers to rt_cmsis.o(i.osMessageGet) for osMessageGet
    main.o(.text) refers to rt_cmsis.o(i.osMutexWait) for osMutexWait
    main.o(.text) refers to glcd.o(.text) for GLCD_DisplayString
    main.o(.text) refers to rt_cmsis.o(i.osMutexRelease) for osMutexRelease
    main.o(.text) refers to rt_cmsis.o(i.osPoolFree) for osPoolFree
    main.o(.text) refers to rt_cmsis.o(i.osMailAlloc) for osMailAlloc
    main.o(.text) refers to rt_cmsis.o(i.osMailPut) for osMailPut
    main.o(.text) refers to rt_cmsis.o(i.osMailGet) for osMailGet
    main.o(.text) refers to rt_cmsis.o(i.osMailFree) for osMailFree
    main.o(.text) refers to rt_cmsis.o(i.osMutexCreate) for osMutexCreate
    main.o(.text) refers to rt_cmsis.o(i.osPoolCreate) for osPoolCreate
    main.o(.text) refers to rt_cmsis.o(i.osMessageCreate) for osMessageCreate
    main.o(.text) refers to rt_cmsis.o(i.osThreadCreate) for osThreadCreate
    main.o(.text) refers to rt_cmsis.o(i.osMailCreate) for osMailCreate
    main.o(.text) refers to main.o(.data) for mpool
    main.o(.text) refers to main.o(.constdata) for os_mutex_def_mutex_1
    main.o(.constdata) refers to main.o(.bss) for os_mutex_cb_mutex_1
    main.o(.constdata) refers to main.o(.data) for os_mailQ_p_mail
    main.o(.constdata) refers to main.o(.text) for Thread1
    main.o(.data) refers to main.o(.bss) for os_mailQ_q_mail
    led_mcb1700.o(.text) refers to gpio_lpc17xx.o(.text) for GPIO_PortClock
    led_mcb1700.o(.text) refers to pin_lpc17xx.o(.text) for PIN_Configure
    led_mcb1700.o(.text) refers to led_mcb1700.o(.constdata) for LED_PIN
    rtx_conf_cm.o(.emb_text) refers to sys_stackheap_outer.o(.text) for __user_setup_stackheap
    rtx_conf_cm.o(.emb_text) refers to libinit.o(.ARM.Collect$$libinit$$00000000) for __rt_lib_init
    rtx_conf_cm.o(.emb_text) refers to rt_cmsis.o(i.osKernelInitialize) for osKernelInitialize
    rtx_conf_cm.o(.emb_text) refers to rt_cmsis.o(i.osThreadCreate) for osThreadCreate
    rtx_conf_cm.o(.emb_text) refers to rt_cmsis.o(i.osKernelStart) for osKernelStart
    rtx_conf_cm.o(.emb_text) refers to exit.o(.text) for exit
    rtx_conf_cm.o(.emb_text) refers to rtx_conf_cm.o(.data) for os_thread_def_main
    rtx_conf_cm.o(.text) refers to rt_task.o(i.rt_tsk_self) for rt_tsk_self
    rtx_conf_cm.o(.text) refers to rt_mutex.o(i.rt_mut_init) for rt_mut_init
    rtx_conf_cm.o(.text) refers to rt_cmsis.o(.data) for os_running
    rtx_conf_cm.o(.text) refers to rtx_conf_cm.o(.bss) for .bss
    rtx_conf_cm.o(.text) refers to libspace.o(.bss) for __libspace_start
    rtx_conf_cm.o(.text) refers to rtx_conf_cm.o(.data) for .data
    rtx_conf_cm.o(.text) refers to rt_mutex.o(i.rt_mut_wait) for rt_mut_wait
    rtx_conf_cm.o(.text) refers to rt_mutex.o(i.rt_mut_release) for rt_mut_release
    rtx_conf_cm.o(.constdata) refers to rt_cmsis.o(i.osTimerThread) for osTimerThread
    rtx_conf_cm.o(.constdata) refers to rtx_conf_cm.o(.bss) for os_messageQ_q_osTimerMessageQ
    rtx_conf_cm.o(.data) refers to main.o(.text) for main
    system_lpc17xx.o(.text) refers to lludivv7m.o(.text) for __aeabi_uldivmod
    system_lpc17xx.o(.text) refers to system_lpc17xx.o(.data) for SystemCoreClock
    startup_lpc17xx.o(STACK) refers (Special) to heapauxi.o(.text) for __use_two_region_memory
    startup_lpc17xx.o(HEAP) refers (Special) to heapauxi.o(.text) for __use_two_region_memory
    startup_lpc17xx.o(RESET) refers (Special) to heapauxi.o(.text) for __use_two_region_memory
    startup_lpc17xx.o(RESET) refers to startup_lpc17xx.o(STACK) for __initial_sp
    startup_lpc17xx.o(RESET) refers to startup_lpc17xx.o(.text) for Reset_Handler
    startup_lpc17xx.o(RESET) refers to hal_cm3.o(.emb_text) for SVC_Handler
    startup_lpc17xx.o(.ARM.__at_0x02FC) refers (Special) to heapauxi.o(.text) for __use_two_region_memory
    startup_lpc17xx.o(.text) refers (Special) to heapauxi.o(.text) for __use_two_region_memory
    startup_lpc17xx.o(.text) refers to system_lpc17xx.o(.text) for SystemInit
    startup_lpc17xx.o(.text) refers to __main.o(!!!main) for __main
    startup_lpc17xx.o(.text) refers to startup_lpc17xx.o(HEAP) for Heap_Mem
    startup_lpc17xx.o(.text) refers to startup_lpc17xx.o(STACK) for Stack_Mem
    rt_cmsis.o(i.isrMessagePut) refers to rt_mailbox.o(i.rt_mbx_check) for rt_mbx_check
[...]
    defsig_pvfn_inner.o(.text) refers to defsig_general.o(.text) for __default_signal_display
    defsig_cppl_inner.o(.text) refers to defsig_general.o(.text) for __default_signal_display
    defsig_segv_inner.o(.text) refers to defsig_general.o(.text) for __default_signal_display
    defsig_other.o(.text) refers to defsig_general.o(.text) for __default_signal_display


==============================================================================

Removing Unused input sections from the image.

    Removing adc.o(.rev16_text), (4 bytes).
    Removing adc.o(.revsh_text), (4 bytes).
    Removing adc.o(.rrx_text), (6 bytes).
    Removing glcd.o(.rev16_text), (4 bytes).
    Removing glcd.o(.revsh_text), (4 bytes).
    Removing glcd.o(.rrx_text), (6 bytes).
    Removing main.o(.rev16_text), (4 bytes).
    Removing main.o(.revsh_text), (4 bytes).
    Removing main.o(.rrx_text), (6 bytes).
    Removing led_mcb1700.o(.text), (236 bytes).
    Removing led_mcb1700.o(.constdata), (16 bytes).
    Removing system_lpc17xx.o(.rev16_text), (4 bytes).
    Removing system_lpc17xx.o(.revsh_text), (4 bytes).
    Removing system_lpc17xx.o(.rrx_text), (6 bytes).
    Removing gpio_lpc17xx.o(.rev16_text), (4 bytes).
    Removing gpio_lpc17xx.o(.revsh_text), (4 bytes).
    Removing gpio_lpc17xx.o(.rrx_text), (6 bytes).
    Removing gpio_lpc17xx.o(.text), (204 bytes).
    Removing pin_lpc17xx.o(.rev16_text), (4 bytes).
    Removing pin_lpc17xx.o(.revsh_text), (4 bytes).
    Removing pin_lpc17xx.o(.rrx_text), (6 bytes).
    Removing pin_lpc17xx.o(.text), (316 bytes).
    Removing rt_cmsis.o(.rev16_text), (4 bytes).
    Removing rt_cmsis.o(.revsh_text), (4 bytes).
    Removing rt_cmsis.o(i.osKernelRunning), (36 bytes).
    Removing rt_cmsis.o(i.osMailCAlloc), (32 bytes).
    Removing rt_cmsis.o(i.osMutexDelete), (24 bytes).
    Removing rt_cmsis.o(i.osPoolCAlloc), (36 bytes).
    Removing rt_cmsis.o(i.osSemaphoreCreate), (48 bytes).
    Removing rt_cmsis.o(i.osSemaphoreDelete), (24 bytes).
    Removing rt_cmsis.o(i.osSemaphoreRelease), (60 bytes).
    Removing rt_cmsis.o(i.osSemaphoreWait), (24 bytes).
    Removing rt_cmsis.o(i.osSignalClear), (24 bytes).
    Removing rt_cmsis.o(i.osSignalSet), (52 bytes).
    Removing rt_cmsis.o(i.osSignalWait), (24 bytes).
    Removing rt_cmsis.o(i.osThreadGetId), (24 bytes).
    Removing rt_cmsis.o(i.osThreadGetPriority), (24 bytes).
    Removing rt_cmsis.o(i.osThreadSetPriority), (24 bytes).
    Removing rt_cmsis.o(i.osThreadTerminate), (24 bytes).
    Removing rt_cmsis.o(i.osThreadYield), (24 bytes).
    Removing rt_cmsis.o(i.osTimerCreate), (52 bytes).
    Removing rt_cmsis.o(i.osTimerDelete), (24 bytes).
    Removing rt_cmsis.o(i.osTimerStart), (24 bytes).
    Removing rt_cmsis.o(i.osTimerStop), (24 bytes).
    Removing rt_cmsis.o(i.osWait), (4 bytes).
    Removing rt_cmsis.o(i.os_resume), (12 bytes).
    Removing rt_cmsis.o(i.os_suspend), (12 bytes).
    Removing rt_cmsis.o(i.rt_timer_remove), (60 bytes).
    Removing rt_cmsis.o(i.svcKernelRunning), (12 bytes).
    Removing rt_cmsis.o(i.svcMutexDelete), (26 bytes).
    Removing rt_cmsis.o(i.svcSemaphoreCreate), (36 bytes).
    Removing rt_cmsis.o(i.svcSemaphoreDelete), (26 bytes).
    Removing rt_cmsis.o(i.svcSemaphoreRelease), (40 bytes).
    Removing rt_cmsis.o(i.svcSemaphoreWait), (50 bytes).
    Removing rt_cmsis.o(i.svcSignalClear), (36 bytes).
    Removing rt_cmsis.o(i.svcSignalSet), (36 bytes).
    Removing rt_cmsis.o(i.svcSignalWait), (84 bytes).
    Removing rt_cmsis.o(i.svcThreadGetPriority), (18 bytes).
    Removing rt_cmsis.o(i.svcThreadSetPriority), (46 bytes).
    Removing rt_cmsis.o(i.svcThreadYield), (10 bytes).
    Removing rt_cmsis.o(i.svcTimerCreate), (56 bytes).
    Removing rt_cmsis.o(i.svcTimerDelete), (40 bytes).
    Removing rt_cmsis.o(i.svcTimerStart), (72 bytes).
    Removing rt_cmsis.o(i.svcTimerStop), (36 bytes).
    Removing rt_cmsis.o(i.sysUserTimerUpdate), (48 bytes).
    Removing rt_cmsis.o(i.sysUserTimerWakeupTime), (20 bytes).
    Removing rt_task.o(i.rt_tsk_pass), (48 bytes).
    Removing rt_mutex.o(i.rt_mut_delete), (176 bytes).
    Removing rt_system.o(.emb_text), (0 bytes).
    Removing rt_system.o(i.rt_resume), (136 bytes).
    Removing rt_system.o(i.rt_suspend), (36 bytes).
    Removing rt_system.o(i.rt_tsk_lock), (80 bytes).
    Removing rt_system.o(i.rt_tsk_unlock), (80 bytes).
    Removing rt_event.o(i.isr_evt_set), (40 bytes).
    Removing rt_event.o(i.rt_evt_clr), (28 bytes).
    Removing rt_event.o(i.rt_evt_get), (12 bytes).
    Removing rt_event.o(i.rt_evt_set), (92 bytes).
    Removing rt_event.o(i.rt_evt_wait), (60 bytes).
    Removing rt_list.o(i.rt_get_same_rdy_prio), (36 bytes).
    Removing rt_semaphore.o(i.isr_sem_send), (16 bytes).
    Removing rt_semaphore.o(i.rt_sem_delete), (92 bytes).
    Removing rt_semaphore.o(i.rt_sem_init), (12 bytes).
    Removing rt_semaphore.o(i.rt_sem_send), (42 bytes).
    Removing rt_semaphore.o(i.rt_sem_wait), (64 bytes).
    Removing rt_time.o(i.rt_itv_set), (24 bytes).
    Removing rt_time.o(i.rt_itv_wait), (44 bytes).
    Removing rt_time.o(i.rt_time_get), (12 bytes).
    Removing rt_membox.o(i._calloc_box), (30 bytes).

88 unused section(s) (total 3432 bytes) removed from the image.

==============================================================================

Image Symbol Table

    Local Symbols

    Symbol Name                              Value     Ov Type        Size  Object(Section)

    RESET                                    0x00000000   Section      204  startup_lpc17xx.o(RESET)
    ../clib/angel/boardlib.s                 0x00000000   Number         0  boardshut.o ABSOLUTE
    ../clib/angel/handlers.s                 0x00000000   Number         0  __scatter_zi.o ABSOLUTE
    ../clib/angel/handlers.s                 0x00000000   Number         0  __scatter_copy.o ABSOLUTE
    ../clib/angel/kernel.s                   0x00000000   Number         0  rtexit2.o ABSOLUTE
    ../clib/angel/kernel.s                   0x00000000   Number         0  rtexit.o ABSOLUTE
    ../clib/angel/rt.s                       0x00000000   Number         0  rt_div0.o ABSOLUTE
    ../clib/angel/rt.s                       0x00000000   Number         0  rt_raise.o ABSOLUTE
    ../clib/angel/rt.s                       0x00000000   Number         0  aeabi_ldiv0_sigfpe.o ABSOLUTE
    ../clib/angel/rt.s                       0x00000000   Number         0  aeabi_ldiv0.o ABSOLUTE
    ../clib/angel/scatter.s                  0x00000000   Number         0  __scatter.o ABSOLUTE
    ../clib/angel/startup.s                  0x00000000   Number         0  __main.o ABSOLUTE
    ../clib/angel/sys.s                      0x00000000   Number         0  use_no_semi.o ABSOLUTE
    ../clib/angel/sys.s                      0x00000000   Number         0  indicate_semi.o ABSOLUTE
    ../clib/angel/sys.s                      0x00000000   Number         0  libspace.o ABSOLUTE
    ../clib/angel/sys.s                      0x00000000   Number         0  sys_stackheap_outer.o ABSOLUTE
    ../clib/angel/sysapp.c                   0x00000000   Number         0  sys_exit.o ABSOLUTE
    ../clib/angel/sysapp.c                   0x00000000   Number         0  sys_command.o ABSOLUTE
    ../clib/angel/sysapp.c                   0x00000000   Number         0  sys_wrch.o ABSOLUTE
    ../clib/armsys.c                         0x00000000   Number         0  _get_argv_nomalloc.o ABSOLUTE
    ../clib/armsys.c                         0x00000000   Number         0  no_argv.o ABSOLUTE
    ../clib/armsys.c                         0x00000000   Number         0  argv_veneer.o ABSOLUTE
    ../clib/armsys.c                         0x00000000   Number         0  argv_veneer.o ABSOLUTE
    ../clib/heapalloc.c                      0x00000000   Number         0  hrguard.o ABSOLUTE
    ../clib/heapaux.c                        0x00000000   Number         0  heapauxi.o ABSOLUTE
    ../clib/libinit.s                        0x00000000   Number         0  libshutdown.o ABSOLUTE
    ../clib/libinit.s                        0x00000000   Number         0  libinit.o ABSOLUTE
    ../clib/libinit.s                        0x00000000   Number         0  libinit2.o ABSOLUTE
    ../clib/libinit.s                        0x00000000   Number         0  libshutdown2.o ABSOLUTE
    ../clib/longlong.s                       0x00000000   Number         0  lludivv7m.o ABSOLUTE
    ../clib/signal.c                         0x00000000   Number         0  defsig_cppl_inner.o ABSOLUTE
    ../clib/signal.c                         0x00000000   Number         0  defsig_pvfn_inner.o ABSOLUTE
    ../clib/signal.c                         0x00000000   Number         0  defsig_stak_inner.o ABSOLUTE
    ../clib/signal.c                         0x00000000   Number         0  defsig_rtred_inner.o ABSOLUTE
    ../clib/signal.c                         0x00000000   Number         0  defsig_abrt_inner.o ABSOLUTE
    ../clib/signal.c                         0x00000000   Number         0  defsig_fpe_inner.o ABSOLUTE
    ../clib/signal.c                         0x00000000   Number         0  defsig_rtmem_inner.o ABSOLUTE
    ../clib/signal.c                         0x00000000   Number         0  defsig_general.o ABSOLUTE
    ../clib/signal.c                         0x00000000   Number         0  __raise.o ABSOLUTE
    ../clib/signal.c                         0x00000000   Number         0  defsig_exit.o ABSOLUTE
    ../clib/signal.c                         0x00000000   Number         0  defsig_fpe_formal.o ABSOLUTE
    ../clib/signal.c                         0x00000000   Number         0  defsig_fpe_outer.o ABSOLUTE
    ../clib/signal.c                         0x00000000   Number         0  defsig_other.o ABSOLUTE
    ../clib/signal.c                         0x00000000   Number         0  defsig_segv_inner.o ABSOLUTE
    ../clib/signal.c                         0x00000000   Number         0  defsig_rtmem_formal.o ABSOLUTE
    ../clib/signal.c                         0x00000000   Number         0  defsig_rtmem_outer.o ABSOLUTE
    ../clib/signal.s                         0x00000000   Number         0  defsig.o ABSOLUTE
    ../clib/stdlib.c                         0x00000000   Number         0  exit.o ABSOLUTE
    ../fplib/fpinit.s                        0x00000000   Number         0  fpinit.o ABSOLUTE
    ..\HAL_CM.c                              0x00000000   Number         0  hal_cm.o ABSOLUTE
    ..\\rt_CMSIS.c                           0x00000000   Number         0  rt_cmsis.o ABSOLUTE
    ..\\rt_System.c                          0x00000000   Number         0  rt_system.o ABSOLUTE
    ..\rt_CMSIS.c                            0x00000000   Number         0  rt_cmsis.o ABSOLUTE
    ..\rt_Event.c                            0x00000000   Number         0  rt_event.o ABSOLUTE
    ..\rt_List.c                             0x00000000   Number         0  rt_list.o ABSOLUTE
    ..\rt_Mailbox.c                          0x00000000   Number         0  rt_mailbox.o ABSOLUTE
    ..\rt_MemBox.c                           0x00000000   Number         0  rt_membox.o ABSOLUTE
    ..\rt_Memory.c                           0x00000000   Number         0  rt_memory.o ABSOLUTE
    ..\rt_Mutex.c                            0x00000000   Number         0  rt_mutex.o ABSOLUTE
    ..\rt_Robin.c                            0x00000000   Number         0  rt_robin.o ABSOLUTE
    ..\rt_Semaphore.c                        0x00000000   Number         0  rt_semaphore.o ABSOLUTE
    ..\rt_System.c                           0x00000000   Number         0  rt_system.o ABSOLUTE
    ..\rt_Task.c                             0x00000000   Number         0  rt_task.o ABSOLUTE
    ..\rt_Time.c                             0x00000000   Number         0  rt_time.o ABSOLUTE
    ADC.c                                    0x00000000   Number         0  adc.o ABSOLUTE
    ADC.c                                    0x00000000   Number         0  adc.o ABSOLUTE
    GLCD.c                                   0x00000000   Number         0  glcd.o ABSOLUTE
    GLCD.c                                   0x00000000   Number         0  glcd.o ABSOLUTE
    HAL_CM3.c                                0x00000000   Number         0  hal_cm3.o ABSOLUTE
    HAL_CM3.c                                0x00000000   Number         0  hal_cm3.o ABSOLUTE
    SVC_Table.s                              0x00000000   Number         0  svc_table.o ABSOLUTE
    dc.s                                     0x00000000   Number         0  dc.o ABSOLUTE
    main.c                                   0x00000000   Number         0  main.o ABSOLUTE
    main.c                                   0x00000000   Number         0  main.o ABSOLUTE
    src\\gpio_lpc17xx.c                      0x00000000   Number         0  gpio_lpc17xx.o ABSOLUTE
    src\\pin_lpc17xx.c                       0x00000000   Number         0  pin_lpc17xx.o ABSOLUTE
    src\\rtx_conf_cm.c                       0x00000000   Number         0  rtx_conf_cm.o ABSOLUTE
    src\gpio_lpc17xx.c                       0x00000000   Number         0  gpio_lpc17xx.o ABSOLUTE
    src\led_mcb1700.c                        0x00000000   Number         0  led_mcb1700.o ABSOLUTE
    src\pin_lpc17xx.c                        0x00000000   Number         0  pin_lpc17xx.o ABSOLUTE
    src\rtx_conf_cm.c                        0x00000000   Number         0  rtx_conf_cm.o ABSOLUTE
    startup\\system_lpc17xx.c                0x00000000   Number         0  system_lpc17xx.o ABSOLUTE
    startup\startup_lpc17xx.s                0x00000000   Number         0  startup_lpc17xx.o ABSOLUTE
    startup\system_lpc17xx.c                 0x00000000   Number         0  system_lpc17xx.o ABSOLUTE
    !!!main                                  0x000000cc   Section        8  __main.o(!!!main)
    !!!scatter                               0x000000d4   Section       52  __scatter.o(!!!scatter)
    !!handler_copy                           0x00000108   Section       26  __scatter_copy.o(!!handler_copy)
    !!handler_zi                             0x00000124   Section       28  __scatter_zi.o(!!handler_zi)
    .ARM.Collect$$libinit$$00000000          0x00000140   Section        2  libinit.o(.ARM.Collect$$libinit$$00000000)
    .ARM.Collect$$libinit$$00000002          0x00000142   Section        0  libinit2.o(.ARM.Collect$$libinit$$00000002)
    .ARM.Collect$$libinit$$00000004          0x00000142   Section        0  libinit2.o(.ARM.Collect$$libinit$$00000004)
    .ARM.Collect$$libinit$$0000000A          0x00000142   Section        0  libinit2.o(.ARM.Collect$$libinit$$0000000A)
    .ARM.Collect$$libinit$$0000000C          0x00000142   Section        0  libinit2.o(.ARM.Collect$$libinit$$0000000C)
    .ARM.Collect$$libinit$$0000000E          0x00000142   Section        0  libinit2.o(.ARM.Collect$$libinit$$0000000E)
    .ARM.Collect$$libinit$$00000011          0x00000142   Section        0  libinit2.o(.ARM.Collect$$libinit$$00000011)
    .ARM.Collect$$libinit$$00000013          0x00000142   Section        0  libinit2.o(.ARM.Collect$$libinit$$00000013)
    .ARM.Collect$$libinit$$00000015          0x00000142   Section        0  libinit2.o(.ARM.Collect$$libinit$$00000015)
    .ARM.Collect$$libinit$$00000017          0x00000142   Section        0  libinit2.o(.ARM.Collect$$libinit$$00000017)
    .ARM.Collect$$libinit$$00000019          0x00000142   Section        0  libinit2.o(.ARM.Collect$$libinit$$00000019)
    .ARM.Collect$$libinit$$0000001B          0x00000142   Section        0  libinit2.o(.ARM.Collect$$libinit$$0000001B)
    .ARM.Collect$$libinit$$0000001D          0x00000142   Section        0  libinit2.o(.ARM.Collect$$libinit$$0000001D)
    .ARM.Collect$$libinit$$0000001F          0x00000142   Section        0  libinit2.o(.ARM.Collect$$libinit$$0000001F)
    .ARM.Collect$$libinit$$00000021          0x00000142   Section        0  libinit2.o(.ARM.Collect$$libinit$$00000021)
    .ARM.Collect$$libinit$$00000023          0x00000142   Section        0  libinit2.o(.ARM.Collect$$libinit$$00000023)
    .ARM.Collect$$libinit$$00000025          0x00000142   Section        0  libinit2.o(.ARM.Collect$$libinit$$00000025)
    .ARM.Collect$$libinit$$0000002C          0x00000142   Section        0  libinit2.o(.ARM.Collect$$libinit$$0000002C)
    .ARM.Collect$$libinit$$0000002E          0x00000142   Section        0  libinit2.o(.ARM.Collect$$libinit$$0000002E)
    .ARM.Collect$$libinit$$00000030          0x00000142   Section        0  libinit2.o(.ARM.Collect$$libinit$$00000030)
    .ARM.Collect$$libinit$$00000032          0x00000142   Section        0  libinit2.o(.ARM.Collect$$libinit$$00000032)
    .ARM.Collect$$libinit$$00000033          0x00000142   Section        2  libinit2.o(.ARM.Collect$$libinit$$00000033)
    .ARM.Collect$$libshutdown$$00000000      0x00000144   Section        2  libshutdown.o(.ARM.Collect$$libshutdown$$00000000)
    .ARM.Collect$$libshutdown$$00000002      0x00000146   Section        0  libshutdown2.o(.ARM.Collect$$libshutdown$$00000002)
    .ARM.Collect$$libshutdown$$00000004      0x00000146   Section        0  libshutdown2.o(.ARM.Collect$$libshutdown$$00000004)
    .ARM.Collect$$libshutdown$$00000007      0x00000146   Section        0  libshutdown2.o(.ARM.Collect$$libshutdown$$00000007)
    .ARM.Collect$$libshutdown$$0000000A      0x00000146   Section        0  libshutdown2.o(.ARM.Collect$$libshutdown$$0000000A)
    .ARM.Collect$$libshutdown$$0000000C      0x00000146   Section        0  libshutdown2.o(.ARM.Collect$$libshutdown$$0000000C)
    .ARM.Collect$$libshutdown$$0000000F      0x00000146   Section        0  libshutdown2.o(.ARM.Collect$$libshutdown$$0000000F)
    .ARM.Collect$$libshutdown$$00000010      0x00000146   Section        2  libshutdown2.o(.ARM.Collect$$libshutdown$$00000010)
    .ARM.Collect$$rtexit$$00000000           0x00000148   Section        2  rtexit.o(.ARM.Collect$$rtexit$$00000000)
    .ARM.Collect$$rtexit$$00000002           0x0000014a   Section        0  rtexit2.o(.ARM.Collect$$rtexit$$00000002)
    .ARM.Collect$$rtexit$$00000003           0x0000014a   Section        4  rtexit2.o(.ARM.Collect$$rtexit$$00000003)
    .ARM.Collect$$rtexit$$00000004           0x0000014e   Section        6  rtexit2.o(.ARM.Collect$$rtexit$$00000004)
    .emb_text                                0x00000154   Section       36  rtx_conf_cm.o(.emb_text)
    .emb_text                                0x00000178   Section      304  hal_cm3.o(.emb_text)
    .text                                    0x000002a8   Section       60  startup_lpc17xx.o(.text)
    .text                                    0x000002e4   Section        8  libspace.o(.text)
    .text                                    0x000002ec   Section        0  heapauxi.o(.text)
    .text                                    0x000002f2   Section        2  use_no_semi.o(.text)
    .text                                    0x000002f4   Section        0  indicate_semi.o(.text)
    SVC_TABLE                                0x000002f4   Section        4  svc_table.o(SVC_TABLE)
    i.os_tick_irqack                         0x000002f8   Section        0  rt_system.o(i.os_tick_irqack)
    .ARM.__at_0x02FC                         0x000002fc   Section        4  startup_lpc17xx.o(.ARM.__at_0x02FC)
    .text                                    0x00000300   Section        0  adc.o(.text)
    .text                                    0x000003a8   Section        0  glcd.o(.text)
    delay                                    0x000003a9   Thumb Code    14  glcd.o(.text)
    spi_tran_man                             0x000003b7   Thumb Code   124  glcd.o(.text)
    wr_cmd                                   0x00000433   Thumb Code    36  glcd.o(.text)
    wr_dat                                   0x00000457   Thumb Code    36  glcd.o(.text)
    rd_reg                                   0x0000047b   Thumb Code    66  glcd.o(.text)
    rd_id_man                                0x000004bd   Thumb Code   132  glcd.o(.text)
    spi_tran                                 0x00000ed3   Thumb Code    28  glcd.o(.text)
    wr_dat_start                             0x00000eef   Thumb Code    16  glcd.o(.text)
    wr_dat_stop                              0x00000eff   Thumb Code     8  glcd.o(.text)
    wr_dat_only                              0x00000f07   Thumb Code    18  glcd.o(.text)
    wr_reg                                   0x00000f19   Thumb Code    20  glcd.o(.text)
    .text                                    0x00000f44   Section        0  main.o(.text)
    .text                                    0x000012f4   Section        0  rtx_conf_cm.o(.text)
    __tagsym$$used                           0x00001355   Number         0  rtx_conf_cm.o(.text)
    __tagsym$$used                           0x0000136b   Number         0  rtx_conf_cm.o(.text)
    .text                                    0x00001398   Section        0  system_lpc17xx.o(.text)
    .text                                    0x00001688   Section       74  sys_stackheap_outer.o(.text)
    .text                                    0x000016d2   Section      238  lludivv7m.o(.text)
    .text                                    0x000017c0   Section        0  exit.o(.text)
    .text                                    0x000017d4   Section        0  sys_exit.o(.text)
    i._init_box                              0x000017e0   Section        0  rt_membox.o(i._init_box)
    i.dbg_init                               0x00001828   Section        0  hal_cm.o(i.dbg_init)
    i.dbg_task_notify                        0x00001858   Section        0  hal_cm.o(i.dbg_task_notify)
    i.dbg_task_switch                        0x00001878   Section        0  hal_cm.o(i.dbg_task_switch)
    i.isrMessagePut                          0x00001888   Section        0  rt_cmsis.o(i.isrMessagePut)
    isrMessagePut                            0x00001889   Thumb Code    44  rt_cmsis.o(i.isrMessagePut)
    i.isr_mbx_receive                        0x000018b4   Section        0  rt_mailbox.o(i.isr_mbx_receive)
    i.isr_mbx_send                           0x00001904   Section        0  rt_mailbox.o(i.isr_mbx_send)
    i.osDelay                                0x00001914   Section        0  rt_cmsis.o(i.osDelay)
    i.osKernelInitialize                     0x0000192c   Section        0  rt_cmsis.o(i.osKernelInitialize)
    i.osKernelStart                          0x00001950   Section        0  rt_cmsis.o(i.osKernelStart)
    i.osKernelSysTick                        0x000019bc   Section        0  rt_cmsis.o(i.osKernelSysTick)
    i.osMailAlloc                            0x000019d4   Section        0  rt_cmsis.o(i.osMailAlloc)
    i.osMailCreate                           0x000019f4   Section        0  rt_cmsis.o(i.osMailCreate)
    i.osMailFree                             0x00001a24   Section        0  rt_cmsis.o(i.osMailFree)
    i.osMailGet                              0x00001a40   Section        0  rt_cmsis.o(i.osMailGet)
    i.osMailPut                              0x00001a56   Section        0  rt_cmsis.o(i.osMailPut)
    i.osMessageCreate                        0x00001a6c   Section        0  rt_cmsis.o(i.osMessageCreate)
    i.osMessageGet                           0x00001a9c   Section        0  rt_cmsis.o(i.osMessageGet)
    i.osMessagePut                           0x00001ae0   Section        0  rt_cmsis.o(i.osMessagePut)
    i.osMutexCreate                          0x00001af8   Section        0  rt_cmsis.o(i.osMutexCreate)
    i.osMutexRelease                         0x00001b28   Section        0  rt_cmsis.o(i.osMutexRelease)
    i.osMutexWait                            0x00001b40   Section        0  rt_cmsis.o(i.osMutexWait)
    i.osPoolAlloc                            0x00001b58   Section        0  rt_cmsis.o(i.osPoolAlloc)
    i.osPoolCreate                           0x00001b7c   Section        0  rt_cmsis.o(i.osPoolCreate)
    i.osPoolFree                             0x00001bac   Section        0  rt_cmsis.o(i.osPoolFree)
    i.osThreadCreate                         0x00001bcc   Section        0  rt_cmsis.o(i.osThreadCreate)
    i.osThreadExit                           0x00001bfc   Section        0  rt_cmsis.o(i.osThreadExit)
    i.osTimerCall                            0x00001c14   Section        0  rt_cmsis.o(i.osTimerCall)
    i.osTimerThread                          0x00001c20   Section        0  rt_cmsis.o(i.osTimerThread)
    i.os_tick_init                           0x00001c4c   Section        0  rt_system.o(i.os_tick_init)
    i.os_tick_ovf                            0x00001c74   Section        0  rt_system.o(i.os_tick_ovf)
    i.os_tick_val                            0x00001c84   Section        0  rt_system.o(i.os_tick_val)
    i.rt_alloc_box                           0x00001c98   Section        0  rt_membox.o(i.rt_alloc_box)
    i.rt_alloc_mem                           0x00001cb2   Section        0  rt_memory.o(i.rt_alloc_mem)
    i.rt_block                               0x00001cf0   Section        0  rt_task.o(i.rt_block)
    i.rt_chk_robin                           0x00001d28   Section        0  rt_robin.o(i.rt_chk_robin)
    i.rt_clr_box                             0x00001d70   Section        0  rt_cmsis.o(i.rt_clr_box)
    rt_clr_box                               0x00001d71   Thumb Code    20  rt_cmsis.o(i.rt_clr_box)
    i.rt_dec_dly                             0x00001d84   Section        0  rt_list.o(i.rt_dec_dly)
    i.rt_dispatch                            0x00001df4   Section        0  rt_task.o(i.rt_dispatch)
    i.rt_dly_wait                            0x00001e38   Section        0  rt_time.o(i.rt_dly_wait)
    i.rt_evt_psh                             0x00001e40   Section        0  rt_event.o(i.rt_evt_psh)
    i.rt_free_box                            0x00001e90   Section        0  rt_membox.o(i.rt_free_box)
    i.rt_free_mem                            0x00001eb0   Section        0  rt_memory.o(i.rt_free_mem)
    i.rt_get_first                           0x00001ed8   Section        0  rt_list.o(i.rt_get_first)
    i.rt_id2obj                              0x00001f00   Section        0  rt_cmsis.o(i.rt_id2obj)
    rt_id2obj                                0x00001f01   Thumb Code     8  rt_cmsis.o(i.rt_id2obj)
    i.rt_init_context                        0x00001f08   Section        0  rt_task.o(i.rt_init_context)
    rt_init_context                          0x00001f09   Thumb Code    66  rt_task.o(i.rt_init_context)
    i.rt_init_mem                            0x00001f50   Section        0  rt_memory.o(i.rt_init_mem)
    i.rt_init_robin                          0x00001f6c   Section        0  rt_robin.o(i.rt_init_robin)
    i.rt_init_stack                          0x00001f84   Section        0  hal_cm.o(i.rt_init_stack)
    i.rt_mbx_check                           0x00001fd4   Section        0  rt_mailbox.o(i.rt_mbx_check)
    i.rt_mbx_init                            0x00001fdc   Section        0  rt_mailbox.o(i.rt_mbx_init)
    i.rt_mbx_psh                             0x00001ff8   Section        0  rt_mailbox.o(i.rt_mbx_psh)
    i.rt_mbx_send                            0x000020e8   Section        0  rt_mailbox.o(i.rt_mbx_send)
    i.rt_mbx_wait                            0x00002180   Section        0  rt_mailbox.o(i.rt_mbx_wait)
    i.rt_ms2tick                             0x00002230   Section        0  rt_cmsis.o(i.rt_ms2tick)
    rt_ms2tick                               0x00002231   Thumb Code    50  rt_cmsis.o(i.rt_ms2tick)
    i.rt_mut_init                            0x0000226c   Section        0  rt_mutex.o(i.rt_mut_init)
    i.rt_mut_release                         0x0000227c   Section        0  rt_mutex.o(i.rt_mut_release)
    i.rt_mut_wait                            0x00002354   Section        0  rt_mutex.o(i.rt_mut_wait)
    i.rt_pop_req                             0x000023bc   Section        0  rt_system.o(i.rt_pop_req)
    i.rt_psh_req                             0x00002438   Section        0  rt_system.o(i.rt_psh_req)
    i.rt_psq_enq                             0x00002458   Section        0  rt_list.o(i.rt_psq_enq)
    i.rt_put_dly                             0x000024b0   Section        0  rt_list.o(i.rt_put_dly)
    i.rt_put_prio                            0x000024f8   Section        0  rt_list.o(i.rt_put_prio)
    i.rt_put_rdy_first                       0x00002530   Section        0  rt_list.o(i.rt_put_rdy_first)
    i.rt_resort_prio                         0x00002544   Section        0  rt_list.o(i.rt_resort_prio)
    i.rt_ret_val                             0x00002578   Section        0  hal_cm.o(i.rt_ret_val)
    i.rt_ret_val2                            0x0000257e   Section        0  hal_cm.o(i.rt_ret_val2)
    i.rt_rmv_dly                             0x00002586   Section        0  rt_list.o(i.rt_rmv_dly)
    i.rt_rmv_list                            0x000025b0   Section        0  rt_list.o(i.rt_rmv_list)
    i.rt_sem_psh                             0x000025e0   Section        0  rt_semaphore.o(i.rt_sem_psh)
    i.rt_stk_check                           0x00002614   Section        0  rt_system.o(i.rt_stk_check)
    i.rt_switch_req                          0x00002638   Section        0  rt_task.o(i.rt_switch_req)
    i.rt_sys_init                            0x00002660   Section        0  rt_task.o(i.rt_sys_init)
    i.rt_sys_start                           0x0000272c   Section        0  rt_task.o(i.rt_sys_start)
    i.rt_systick                             0x000027a4   Section        0  rt_system.o(i.rt_systick)
    i.rt_tid2ptcb                            0x000027e4   Section        0  rt_cmsis.o(i.rt_tid2ptcb)
    rt_tid2ptcb                              0x000027e5   Thumb Code    18  rt_cmsis.o(i.rt_tid2ptcb)
    i.rt_timer_insert                        0x000027f8   Section        0  rt_cmsis.o(i.rt_timer_insert)
    rt_timer_insert                          0x000027f9   Thumb Code    50  rt_cmsis.o(i.rt_timer_insert)
    i.rt_tsk_create                          0x00002830   Section        0  rt_task.o(i.rt_tsk_create)
    i.rt_tsk_delete                          0x000028b4   Section        0  rt_task.o(i.rt_tsk_delete)
    i.rt_tsk_prio                            0x00002a28   Section        0  rt_task.o(i.rt_tsk_prio)
    i.rt_tsk_self                            0x00002aa4   Section        0  rt_task.o(i.rt_tsk_self)
    i.svcDelay                               0x00002ab4   Section        0  rt_cmsis.o(i.svcDelay)
    i.svcKernelInitialize                    0x00002ac8   Section        0  rt_cmsis.o(i.svcKernelInitialize)
    i.svcKernelStart                         0x00002b38   Section        0  rt_cmsis.o(i.svcKernelStart)
    i.svcKernelSysTick                       0x00002b80   Section        0  rt_cmsis.o(i.svcKernelSysTick)
    i.svcMailCreate                          0x00002bb8   Section        0  rt_cmsis.o(i.svcMailCreate)
    i.svcMessageCreate                       0x00002bfa   Section        0  rt_cmsis.o(i.svcMessageCreate)
    i.svcMessageGet                          0x00002c1e   Section        0  rt_cmsis.o(i.svcMessageGet)
    i.svcMessagePut                          0x00002c58   Section        0  rt_cmsis.o(i.svcMessagePut)
    i.svcMutexCreate                         0x00002c8e   Section        0  rt_cmsis.o(i.svcMutexCreate)
    i.svcMutexRelease                        0x00002caa   Section        0  rt_cmsis.o(i.svcMutexRelease)
    i.svcMutexWait                           0x00002ccc   Section        0  rt_cmsis.o(i.svcMutexWait)
    i.svcPoolCreate                          0x00002d02   Section        0  rt_cmsis.o(i.svcPoolCreate)
    i.svcThreadCreate                        0x00002d2c   Section        0  rt_cmsis.o(i.svcThreadCreate)
    i.svcThreadGetId                         0x00002d9c   Section        0  rt_cmsis.o(i.svcThreadGetId)
    i.svcThreadTerminate                     0x00002db8   Section        0  rt_cmsis.o(i.svcThreadTerminate)
    i.svcTimerCall                           0x00002df0   Section        0  rt_cmsis.o(i.svcTimerCall)
    i.sysMailAlloc                           0x00002e08   Section        0  rt_cmsis.o(i.sysMailAlloc)
    i.sysMailFree                            0x00002e78   Section        0  rt_cmsis.o(i.sysMailFree)
    i.sysPoolAlloc                           0x00002ed8   Section        0  rt_cmsis.o(i.sysPoolAlloc)
    i.sysPoolFree                            0x00002ef8   Section        0  rt_cmsis.o(i.sysPoolFree)
    i.sysTimerTick                           0x00002f0c   Section        0  rt_cmsis.o(i.sysTimerTick)
    .constdata                               0x00002f60   Section     6272  glcd.o(.constdata)
    .constdata                               0x000047e0   Section      100  main.o(.constdata)
    .constdata                               0x00004844   Section       86  rtx_conf_cm.o(.constdata)
    __tagsym$$used                           0x00004860   Number         0  rtx_conf_cm.o(.constdata)
    __tagsym$$used                           0x00004864   Number         0  rtx_conf_cm.o(.constdata)
    __tagsym$$used                           0x00004868   Number         0  rtx_conf_cm.o(.constdata)
    __tagsym$$used                           0x0000486c   Number         0  rtx_conf_cm.o(.constdata)
    .data                                    0x10000000   Section        3  adc.o(.data)
    .data                                    0x10000004   Section        5  glcd.o(.data)
    Color                                    0x10000004   Data           4  glcd.o(.data)
    Himax                                    0x10000008   Data           1  glcd.o(.data)
    .data                                    0x1000000c   Section      192  main.o(.data)
    .data                                    0x100000cc   Section       36  rtx_conf_cm.o(.data)
    nr_mutex                                 0x100000dc   Data           4  rtx_conf_cm.o(.data)
    .data                                    0x100000f0   Section        4  system_lpc17xx.o(.data)
    .data                                    0x100000f4   Section        8  rt_cmsis.o(.data)
    .data                                    0x100000fc   Section        8  rt_task.o(.data)
    .data                                    0x10000104   Section        8  rt_system.o(.data)
    os_lock                                  0x10000104   Data           1  rt_system.o(.data)
    os_psh_flag                              0x10000105   Data           1  rt_system.o(.data)
    pend_flags                               0x10000106   Data           1  rt_system.o(.data)
    .data                                    0x1000010c   Section        4  rt_time.o(.data)
    .data                                    0x10000110   Section        8  rt_robin.o(.data)
    .data                                    0x10000118   Section        1  hal_cm.o(.data)
    .bss                                     0x1000011c   Section      520  main.o(.bss)
    .bss                                     0x10000328   Section     3016  rtx_conf_cm.o(.bss)
    std_libspace                             0x10000bd0   Data         672  rtx_conf_cm.o(.bss)
    std_libmutex                             0x10000e70   Data         128  rtx_conf_cm.o(.bss)
    .bss                                     0x10000ef0   Section       52  rt_task.o(.bss)
    .bss                                     0x10000f24   Section       48  rt_list.o(.bss)
    .bss                                     0x10000f54   Section       96  libspace.o(.bss)
    HEAP                                     0x10000fb8   Section        0  startup_lpc17xx.o(HEAP)
    STACK                                    0x10000fb8   Section      512  startup_lpc17xx.o(STACK)
    Heap_Mem                                 0x10000fb8   Data           0  startup_lpc17xx.o(HEAP)
    Stack_Mem                                0x10000fb8   Data         512  startup_lpc17xx.o(STACK)
    __initial_sp                             0x100011b8   Data           0  startup_lpc17xx.o(STACK)

    Global Symbols

    Symbol Name                              Value     Ov Type        Size  Object(Section)

    BuildAttributes$$THM_ISAv4$P$D$K$B$S$PE$A:L22UL41UL21$X:L11$S22US41US21$IEEE1$IW$USESV6$~STKCKD$USESV7$~SHL$OSPACE$ROPI$EBA8$UX$STANDARDLIB$REQ8$PRES8$EABIv2 0x00000000   Number         0  anon$$obj.o ABSOLUTE
    __ARM_use_no_argv                        0x00000000   Number         0  main.o ABSOLUTE
    __Vectors                                0x00000000   Data           4  startup_lpc17xx.o(RESET)
    __ARM_exceptions_init                     - Undefined Weak Reference
    __alloca_initialize                       - Undefined Weak Reference
    __arm_preinit_                            - Undefined Weak Reference
    __cpp_initialize__aeabi_                  - Undefined Weak Reference
    __cxa_finalize                            - Undefined Weak Reference
    __rt_locale                               - Undefined Weak Reference
    __sigvec_lookup                           - Undefined Weak Reference
    _atexit_init                              - Undefined Weak Reference
    _call_atexit_fns                          - Undefined Weak Reference
    _clock_init                               - Undefined Weak Reference
    _fp_trap_init                             - Undefined Weak Reference
    _fp_trap_shutdown                         - Undefined Weak Reference
    _get_lc_collate                           - Undefined Weak Reference
    _get_lc_ctype                             - Undefined Weak Reference
    _get_lc_monetary                          - Undefined Weak Reference
    _get_lc_numeric                           - Undefined Weak Reference
    _get_lc_time                              - Undefined Weak Reference
    _getenv_init                              - Undefined Weak Reference
    _handle_redirection                       - Undefined Weak Reference
    _init_alloc                               - Undefined Weak Reference
    _init_user_alloc                          - Undefined Weak Reference
    _initio                                   - Undefined Weak Reference
    _rand_init                                - Undefined Weak Reference
    _signal_finish                            - Undefined Weak Reference
    _signal_init                              - Undefined Weak Reference
    _terminate_alloc                          - Undefined Weak Reference
    _terminate_user_alloc                     - Undefined Weak Reference
    _terminateio                              - Undefined Weak Reference
    __main                                   0x000000cd   Thumb Code     8  __main.o(!!!main)
    __scatterload                            0x000000d5   Thumb Code     0  __scatter.o(!!!scatter)
    __scatterload_rt2                        0x000000d5   Thumb Code    44  __scatter.o(!!!scatter)
    __scatterload_rt2_thumb_only             0x000000d5   Thumb Code     0  __scatter.o(!!!scatter)
    __scatterload_null                       0x000000e3   Thumb Code     0  __scatter.o(!!!scatter)
    __scatterload_copy                       0x00000109   Thumb Code    26  __scatter_copy.o(!!handler_copy)
    __scatterload_zeroinit                   0x00000125   Thumb Code    28  __scatter_zi.o(!!handler_zi)
    __rt_lib_init                            0x00000141   Thumb Code     0  libinit.o(.ARM.Collect$$libinit$$00000000)
    __rt_lib_init_alloca_1                   0x00000143   Thumb Code     0  libinit2.o(.ARM.Collect$$libinit$$0000002E)
    __rt_lib_init_argv_1                     0x00000143   Thumb Code     0  libinit2.o(.ARM.Collect$$libinit$$0000002C)
    __rt_lib_init_atexit_1                   0x00000143   Thumb Code     0  libinit2.o(.ARM.Collect$$libinit$$0000001B)
    __rt_lib_init_clock_1                    0x00000143   Thumb Code     0  libinit2.o(.ARM.Collect$$libinit$$00000021)
    __rt_lib_init_cpp_1                      0x00000143   Thumb Code     0  libinit2.o(.ARM.Collect$$libinit$$00000032)
    __rt_lib_init_exceptions_1               0x00000143   Thumb Code     0  libinit2.o(.ARM.Collect$$libinit$$00000030)
    __rt_lib_init_fp_1                       0x00000143   Thumb Code     0  libinit2.o(.ARM.Collect$$libinit$$00000002)
    __rt_lib_init_fp_trap_1                  0x00000143   Thumb Code     0  libinit2.o(.ARM.Collect$$libinit$$0000001F)
    __rt_lib_init_getenv_1                   0x00000143   Thumb Code     0  libinit2.o(.ARM.Collect$$libinit$$00000023)
    __rt_lib_init_heap_1                     0x00000143   Thumb Code     0  libinit2.o(.ARM.Collect$$libinit$$0000000A)
    __rt_lib_init_lc_collate_1               0x00000143   Thumb Code     0  libinit2.o(.ARM.Collect$$libinit$$00000011)
    __rt_lib_init_lc_ctype_1                 0x00000143   Thumb Code     0  libinit2.o(.ARM.Collect$$libinit$$00000013)
    __rt_lib_init_lc_monetary_1              0x00000143   Thumb Code     0  libinit2.o(.ARM.Collect$$libinit$$00000015)
    __rt_lib_init_lc_numeric_1               0x00000143   Thumb Code     0  libinit2.o(.ARM.Collect$$libinit$$00000017)
    __rt_lib_init_lc_time_1                  0x00000143   Thumb Code     0  libinit2.o(.ARM.Collect$$libinit$$00000019)
    __rt_lib_init_preinit_1                  0x00000143   Thumb Code     0  libinit2.o(.ARM.Collect$$libinit$$00000004)
    __rt_lib_init_rand_1                     0x00000143   Thumb Code     0  libinit2.o(.ARM.Collect$$libinit$$0000000E)
    __rt_lib_init_return                     0x00000143   Thumb Code     0  libinit2.o(.ARM.Collect$$libinit$$00000033)
    __rt_lib_init_signal_1                   0x00000143   Thumb Code     0  libinit2.o(.ARM.Collect$$libinit$$0000001D)
    __rt_lib_init_stdio_1                    0x00000143   Thumb Code     0  libinit2.o(.ARM.Collect$$libinit$$00000025)
    __rt_lib_init_user_alloc_1               0x00000143   Thumb Code     0  libinit2.o(.ARM.Collect$$libinit$$0000000C)
    __rt_lib_shutdown                        0x00000145   Thumb Code     0  libshutdown.o(.ARM.Collect$$libshutdown$$00000000)
    __rt_lib_shutdown_cpp_1                  0x00000147   Thumb Code     0  libshutdown2.o(.ARM.Collect$$libshutdown$$00000002)
    __rt_lib_shutdown_fp_trap_1              0x00000147   Thumb Code     0  libshutdown2.o(.ARM.Collect$$libshutdown$$00000007)
    __rt_lib_shutdown_heap_1                 0x00000147   Thumb Code     0  libshutdown2.o(.ARM.Collect$$libshutdown$$0000000F)
    __rt_lib_shutdown_return                 0x00000147   Thumb Code     0  libshutdown2.o(.ARM.Collect$$libshutdown$$00000010)
    __rt_lib_shutdown_signal_1               0x00000147   Thumb Code     0  libshutdown2.o(.ARM.Collect$$libshutdown$$0000000A)
    __rt_lib_shutdown_stdio_1                0x00000147   Thumb Code     0  libshutdown2.o(.ARM.Collect$$libshutdown$$00000004)
    __rt_lib_shutdown_user_alloc_1           0x00000147   Thumb Code     0  libshutdown2.o(.ARM.Collect$$libshutdown$$0000000C)
    __rt_exit                                0x00000149   Thumb Code     0  rtexit.o(.ARM.Collect$$rtexit$$00000000)
    __rt_exit_ls                             0x0000014b   Thumb Code     0  rtexit2.o(.ARM.Collect$$rtexit$$00000003)
    __rt_exit_prels_1                        0x0000014b   Thumb Code     0  rtexit2.o(.ARM.Collect$$rtexit$$00000002)
    __rt_exit_exit                           0x0000014f   Thumb Code     0  rtexit2.o(.ARM.Collect$$rtexit$$00000004)
    __rt_entry                               0x00000155   Thumb Code    32  rtx_conf_cm.o(.emb_text)
    rt_set_PSP                               0x00000179   Thumb Code     6  hal_cm3.o(.emb_text)
    rt_get_PSP                               0x0000017f   Thumb Code     6  hal_cm3.o(.emb_text)
    os_set_env                               0x00000185   Thumb Code    24  hal_cm3.o(.emb_text)
    _alloc_box                               0x000001a1   Thumb Code    28  hal_cm3.o(.emb_text)
    _free_box                                0x000001c1   Thumb Code    28  hal_cm3.o(.emb_text)
    SVC_Handler                              0x000001e1   Thumb Code   108  hal_cm3.o(.emb_text)
    PendSV_Handler                           0x00000259   Thumb Code    56  hal_cm3.o(.emb_text)
    SysTick_Handler                          0x00000295   Thumb Code     8  hal_cm3.o(.emb_text)
    OS_Tick_Handler                          0x0000029d   Thumb Code    12  hal_cm3.o(.emb_text)
    Reset_Handler                            0x000002a9   Thumb Code     8  startup_lpc17xx.o(.text)
    NMI_Handler                              0x000002b1   Thumb Code     2  startup_lpc17xx.o(.text)
    HardFault_Handler                        0x000002b3   Thumb Code     2  startup_lpc17xx.o(.text)
    MemManage_Handler                        0x000002b5   Thumb Code     2  startup_lpc17xx.o(.text)
    BusFault_Handler                         0x000002b7   Thumb Code     2  startup_lpc17xx.o(.text)
    UsageFault_Handler                       0x000002b9   Thumb Code     2  startup_lpc17xx.o(.text)
    DebugMon_Handler                         0x000002bd   Thumb Code     2  startup_lpc17xx.o(.text)
    ADC_IRQHandler                           0x000002c3   Thumb Code     0  startup_lpc17xx.o(.text)
    BOD_IRQHandler                           0x000002c3   Thumb Code     0  startup_lpc17xx.o(.text)
    CANActivity_IRQHandler                   0x000002c3   Thumb Code     0  startup_lpc17xx.o(.text)
    CAN_IRQHandler                           0x000002c3   Thumb Code     0  startup_lpc17xx.o(.text)
    DMA_IRQHandler                           0x000002c3   Thumb Code     0  startup_lpc17xx.o(.text)
    EINT0_IRQHandler                         0x000002c3   Thumb Code     0  startup_lpc17xx.o(.text)
    EINT1_IRQHandler                         0x000002c3   Thumb Code     0  startup_lpc17xx.o(.text)
    EINT2_IRQHandler                         0x000002c3   Thumb Code     0  startup_lpc17xx.o(.text)
    EINT3_IRQHandler                         0x000002c3   Thumb Code     0  startup_lpc17xx.o(.text)
    ENET_IRQHandler                          0x000002c3   Thumb Code     0  startup_lpc17xx.o(.text)
    I2C0_IRQHandler                          0x000002c3   Thumb Code     0  startup_lpc17xx.o(.text)
    I2C1_IRQHandler                          0x000002c3   Thumb Code     0  startup_lpc17xx.o(.text)
    I2C2_IRQHandler                          0x000002c3   Thumb Code     0  startup_lpc17xx.o(.text)
    I2S_IRQHandler                           0x000002c3   Thumb Code     0  startup_lpc17xx.o(.text)
    MCPWM_IRQHandler                         0x000002c3   Thumb Code     0  startup_lpc17xx.o(.text)
    PLL0_IRQHandler                          0x000002c3   Thumb Code     0  startup_lpc17xx.o(.text)
    PLL1_IRQHandler                          0x000002c3   Thumb Code     0  startup_lpc17xx.o(.text)
    PWM1_IRQHandler                          0x000002c3   Thumb Code     0  startup_lpc17xx.o(.text)
    QEI_IRQHandler                           0x000002c3   Thumb Code     0  startup_lpc17xx.o(.text)
    RIT_IRQHandler                           0x000002c3   Thumb Code     0  startup_lpc17xx.o(.text)
    RTC_IRQHandler                           0x000002c3   Thumb Code     0  startup_lpc17xx.o(.text)
    SPI_IRQHandler                           0x000002c3   Thumb Code     0  startup_lpc17xx.o(.text)
    SSP0_IRQHandler                          0x000002c3   Thumb Code     0  startup_lpc17xx.o(.text)
    SSP1_IRQHandler                          0x000002c3   Thumb Code     0  startup_lpc17xx.o(.text)
    TIMER0_IRQHandler                        0x000002c3   Thumb Code     0  startup_lpc17xx.o(.text)
    TIMER1_IRQHandler                        0x000002c3   Thumb Code     0  startup_lpc17xx.o(.text)
    TIMER2_IRQHandler                        0x000002c3   Thumb Code     0  startup_lpc17xx.o(.text)
    TIMER3_IRQHandler                        0x000002c3   Thumb Code     0  startup_lpc17xx.o(.text)
    UART0_IRQHandler                         0x000002c3   Thumb Code     0  startup_lpc17xx.o(.text)
    UART1_IRQHandler                         0x000002c3   Thumb Code     0  startup_lpc17xx.o(.text)
    UART2_IRQHandler                         0x000002c3   Thumb Code     0  startup_lpc17xx.o(.text)
    UART3_IRQHandler                         0x000002c3   Thumb Code     0  startup_lpc17xx.o(.text)
    USBActivity_IRQHandler                   0x000002c3   Thumb Code     0  startup_lpc17xx.o(.text)
    USB_IRQHandler                           0x000002c3   Thumb Code     0  startup_lpc17xx.o(.text)
    WDT_IRQHandler                           0x000002c3   Thumb Code     0  startup_lpc17xx.o(.text)
    __user_initial_stackheap                 0x000002c5   Thumb Code     0  startup_lpc17xx.o(.text)
    __user_libspace                          0x000002e5   Thumb Code     8  libspace.o(.text)
    __user_perproc_libspace                  0x000002e5   Thumb Code     0  libspace.o(.text)
    __use_two_region_memory                  0x000002ed   Thumb Code     2  heapauxi.o(.text)
    __rt_heap_escrow$2region                 0x000002ef   Thumb Code     2  heapauxi.o(.text)
    __rt_heap_expand$2region                 0x000002f1   Thumb Code     2  heapauxi.o(.text)
    __I$use$semihosting                      0x000002f3   Thumb Code     0  use_no_semi.o(.text)
    __use_no_semihosting_swi                 0x000002f3   Thumb Code     2  use_no_semi.o(.text)
    SVC_Count                                0x000002f4   Data           4  svc_table.o(SVC_TABLE)
    __semihosting_library_function           0x000002f5   Thumb Code     0  indicate_semi.o(.text)
    SVC_Table                                0x000002f8   Data           0  svc_table.o(SVC_TABLE)
    os_tick_irqack                           0x000002f9   Thumb Code     2  rt_system.o(i.os_tick_irqack)
    ADC_Init                                 0x00000301   Thumb Code    66  adc.o(.text)
    ADC_StartCnv                             0x00000343   Thumb Code    24  adc.o(.text)
    ADC_StopCnv                              0x0000035b   Thumb Code    14  adc.o(.text)
    ADC_GetCnv                               0x00000369   Thumb Code    38  adc.o(.text)
    __RL_RTX_VER                             0x00000473   Number         0  rt_system.o ABSOLUTE
    GLCD_Init                                0x00000541   Thumb Code  1506  glcd.o(.text)
    GLCD_SetWindow                           0x00000b23   Thumb Code   168  glcd.o(.text)
    GLCD_WindowMax                           0x00000bcb   Thumb Code    26  glcd.o(.text)
    GLCD_PutPixel                            0x00000be5   Thumb Code   118  glcd.o(.text)
    GLCD_SetTextColor                        0x00000c5b   Thumb Code     6  glcd.o(.text)
    GLCD_SetBackColor                        0x00000c61   Thumb Code     6  glcd.o(.text)
    GLCD_Clear                               0x00000c67   Thumb Code    42  glcd.o(.text)
    GLCD_DrawChar                            0x00000c91   Thumb Code   150  glcd.o(.text)
    GLCD_DisplayChar                         0x00000d27   Thumb Code    84  glcd.o(.text)
    GLCD_DisplayString                       0x00000d7b   Thumb Code    40  glcd.o(.text)
    GLCD_ClearLn                             0x00000da3   Thumb Code    94  glcd.o(.text)
    GLCD_Bargraph                            0x00000e01   Thumb Code    98  glcd.o(.text)
    GLCD_Bitmap                              0x00000e63   Thumb Code    82  glcd.o(.text)
    GLCD_ScrollVertical                      0x00000eb5   Thumb Code     2  glcd.o(.text)
    GLCD_WrCmd                               0x00000eb7   Thumb Code    12  glcd.o(.text)
    GLCD_WrReg                               0x00000ec3   Thumb Code    16  glcd.o(.text)
    Hex32ToBCD                               0x00000f45   Thumb Code    46  main.o(.text)
    Thread1                                  0x00000f73   Thumb Code    58  main.o(.text)
    Thread2                                  0x00000fad   Thumb Code   116  main.o(.text)
    Thread3                                  0x00001021   Thumb Code   324  main.o(.text)
    Thread4                                  0x00001165   Thumb Code    76  main.o(.text)
    main                                     0x000011b1   Thumb Code   194  main.o(.text)
    os_idle_demon                            0x000012f5   Thumb Code     4  rtx_conf_cm.o(.text)
    os_error                                 0x000012f9   Thumb Code    26  rtx_conf_cm.o(.text)
    __user_perthread_libspace                0x00001313   Thumb Code    32  rtx_conf_cm.o(.text)
    _mutex_initialize                        0x00001333   Thumb Code    34  rtx_conf_cm.o(.text)
    _mutex_acquire                           0x00001355   Thumb Code    22  rtx_conf_cm.o(.text)
    _mutex_release                           0x0000136b   Thumb Code    18  rtx_conf_cm.o(.text)
    SystemCoreClockUpdate                    0x00001399   Thumb Code   408  system_lpc17xx.o(.text)
    SystemInit                               0x00001531   Thumb Code   314  system_lpc17xx.o(.text)
    __user_setup_stackheap                   0x00001689   Thumb Code    74  sys_stackheap_outer.o(.text)
    __aeabi_uldivmod                         0x000016d3   Thumb Code     0  lludivv7m.o(.text)
    _ll_udiv                                 0x000016d3   Thumb Code   238  lludivv7m.o(.text)
    exit                                     0x000017c1   Thumb Code    18  exit.o(.text)
    _sys_exit                                0x000017d5   Thumb Code     8  sys_exit.o(.text)
    _init_box                                0x000017e1   Thumb Code    70  rt_membox.o(i._init_box)
    dbg_init                                 0x00001829   Thumb Code    34  hal_cm.o(i.dbg_init)
    dbg_task_notify                          0x00001859   Thumb Code    32  hal_cm.o(i.dbg_task_notify)
    dbg_task_switch                          0x00001879   Thumb Code    16  hal_cm.o(i.dbg_task_switch)
    isr_mbx_receive                          0x000018b5   Thumb Code    80  rt_mailbox.o(i.isr_mbx_receive)
    isr_mbx_send                             0x00001905   Thumb Code    14  rt_mailbox.o(i.isr_mbx_send)
    osDelay                                  0x00001915   Thumb Code    18  rt_cmsis.o(i.osDelay)
    osKernelInitialize                       0x0000192d   Thumb Code    30  rt_cmsis.o(i.osKernelInitialize)
    osKernelStart                            0x00001951   Thumb Code    98  rt_cmsis.o(i.osKernelStart)
    osKernelSysTick                          0x000019bd   Thumb Code    18  rt_cmsis.o(i.osKernelSysTick)
    osMailAlloc                              0x000019d5   Thumb Code    26  rt_cmsis.o(i.osMailAlloc)
    osMailCreate                             0x000019f5   Thumb Code    38  rt_cmsis.o(i.osMailCreate)
    osMailFree                               0x00001a25   Thumb Code    22  rt_cmsis.o(i.osMailFree)
    osMailGet                                0x00001a41   Thumb Code    22  rt_cmsis.o(i.osMailGet)
    osMailPut                                0x00001a57   Thumb Code    20  rt_cmsis.o(i.osMailPut)
    osMessageCreate                          0x00001a6d   Thumb Code    38  rt_cmsis.o(i.osMessageCreate)
    osMessageGet                             0x00001a9d   Thumb Code    62  rt_cmsis.o(i.osMessageGet)
    osMessagePut                             0x00001ae1   Thumb Code    18  rt_cmsis.o(i.osMessagePut)
    osMutexCreate                            0x00001af9   Thumb Code    38  rt_cmsis.o(i.osMutexCreate)
    osMutexRelease                           0x00001b29   Thumb Code    18  rt_cmsis.o(i.osMutexRelease)
    osMutexWait                              0x00001b41   Thumb Code    18  rt_cmsis.o(i.osMutexWait)
    osPoolAlloc                              0x00001b59   Thumb Code    30  rt_cmsis.o(i.osPoolAlloc)
    osPoolCreate                             0x00001b7d   Thumb Code    38  rt_cmsis.o(i.osPoolCreate)
    osPoolFree                               0x00001bad   Thumb Code    26  rt_cmsis.o(i.osPoolFree)
    osThreadCreate                           0x00001bcd   Thumb Code    38  rt_cmsis.o(i.osThreadCreate)
    osThreadExit                             0x00001bfd   Thumb Code    14  rt_cmsis.o(i.osThreadExit)
    osTimerCall                              0x00001c15   Thumb Code     8  rt_cmsis.o(i.osTimerCall)
    osTimerThread                            0x00001c21   Thumb Code    38  rt_cmsis.o(i.osTimerThread)
    os_tick_init                             0x00001c4d   Thumb Code    32  rt_system.o(i.os_tick_init)
    os_tick_ovf                              0x00001c75   Thumb Code    10  rt_system.o(i.os_tick_ovf)
    os_tick_val                              0x00001c85   Thumb Code    14  rt_system.o(i.os_tick_val)
    rt_alloc_box                             0x00001c99   Thumb Code    26  rt_membox.o(i.rt_alloc_box)
    rt_alloc_mem                             0x00001cb3   Thumb Code    60  rt_memory.o(i.rt_alloc_mem)
    rt_block                                 0x00001cf1   Thumb Code    48  rt_task.o(i.rt_block)
    rt_chk_robin                             0x00001d29   Thumb Code    60  rt_robin.o(i.rt_chk_robin)
    rt_dec_dly                               0x00001d85   Thumb Code   102  rt_list.o(i.rt_dec_dly)
    rt_dispatch                              0x00001df5   Thumb Code    60  rt_task.o(i.rt_dispatch)
    rt_dly_wait                              0x00001e39   Thumb Code     6  rt_time.o(i.rt_dly_wait)
    rt_evt_psh                               0x00001e41   Thumb Code    76  rt_event.o(i.rt_evt_psh)
    rt_free_box                              0x00001e91   Thumb Code    32  rt_membox.o(i.rt_free_box)
    rt_free_mem                              0x00001eb1   Thumb Code    40  rt_memory.o(i.rt_free_mem)
    rt_get_first                             0x00001ed9   Thumb Code    40  rt_list.o(i.rt_get_first)
    rt_init_mem                              0x00001f51   Thumb Code    26  rt_memory.o(i.rt_init_mem)
    rt_init_robin                            0x00001f6d   Thumb Code    14  rt_robin.o(i.rt_init_robin)
    rt_init_stack                            0x00001f85   Thumb Code    70  hal_cm.o(i.rt_init_stack)
    rt_mbx_check                             0x00001fd5   Thumb Code     8  rt_mailbox.o(i.rt_mbx_check)
    rt_mbx_init                              0x00001fdd   Thumb Code    28  rt_mailbox.o(i.rt_mbx_init)
    rt_mbx_psh                               0x00001ff9   Thumb Code   234  rt_mailbox.o(i.rt_mbx_psh)
    rt_mbx_send                              0x000020e9   Thumb Code   146  rt_mailbox.o(i.rt_mbx_send)
    rt_mbx_wait                              0x00002181   Thumb Code   172  rt_mailbox.o(i.rt_mbx_wait)
    rt_mut_init                              0x0000226d   Thumb Code    16  rt_mutex.o(i.rt_mut_init)
    rt_mut_release                           0x0000227d   Thumb Code   208  rt_mutex.o(i.rt_mut_release)
    rt_mut_wait                              0x00002355   Thumb Code   100  rt_mutex.o(i.rt_mut_wait)
    rt_pop_req                               0x000023bd   Thumb Code   110  rt_system.o(i.rt_pop_req)
    rt_psh_req                               0x00002439   Thumb Code    22  rt_system.o(i.rt_psh_req)
    rt_psq_enq                               0x00002459   Thumb Code    82  rt_list.o(i.rt_psq_enq)
    rt_put_dly                               0x000024b1   Thumb Code    68  rt_list.o(i.rt_put_dly)
    rt_put_prio                              0x000024f9   Thumb Code    54  rt_list.o(i.rt_put_prio)
    rt_put_rdy_first                         0x00002531   Thumb Code    14  rt_list.o(i.rt_put_rdy_first)
    rt_resort_prio                           0x00002545   Thumb Code    46  rt_list.o(i.rt_resort_prio)
    rt_ret_val                               0x00002579   Thumb Code     6  hal_cm.o(i.rt_ret_val)
    rt_ret_val2                              0x0000257f   Thumb Code     8  hal_cm.o(i.rt_ret_val2)
    rt_rmv_dly                               0x00002587   Thumb Code    40  rt_list.o(i.rt_rmv_dly)
    rt_rmv_list                              0x000025b1   Thumb Code    44  rt_list.o(i.rt_rmv_list)
    rt_sem_psh                               0x000025e1   Thumb Code    48  rt_semaphore.o(i.rt_sem_psh)
    rt_stk_check                             0x00002615   Thumb Code    28  rt_system.o(i.rt_stk_check)
    rt_switch_req                            0x00002639   Thumb Code    30  rt_task.o(i.rt_switch_req)
    rt_sys_init                              0x00002661   Thumb Code   138  rt_task.o(i.rt_sys_init)
    rt_sys_start                             0x0000272d   Thumb Code   108  rt_task.o(i.rt_sys_start)
    rt_systick                               0x000027a5   Thumb Code    50  rt_system.o(i.rt_systick)
    rt_tsk_create                            0x00002831   Thumb Code   116  rt_task.o(i.rt_tsk_create)
    rt_tsk_delete                            0x000028b5   Thumb Code   342  rt_task.o(i.rt_tsk_delete)
    rt_tsk_prio                              0x00002a29   Thumb Code   108  rt_task.o(i.rt_tsk_prio)
    rt_tsk_self                              0x00002aa5   Thumb Code    12  rt_task.o(i.rt_tsk_self)
    svcDelay                                 0x00002ab5   Thumb Code    20  rt_cmsis.o(i.svcDelay)
    svcKernelInitialize                      0x00002ac9   Thumb Code    80  rt_cmsis.o(i.svcKernelInitialize)
    svcKernelStart                           0x00002b39   Thumb Code    62  rt_cmsis.o(i.svcKernelStart)
    svcKernelSysTick                         0x00002b81   Thumb Code    46  rt_cmsis.o(i.svcKernelSysTick)
    svcMailCreate                            0x00002bb9   Thumb Code    66  rt_cmsis.o(i.svcMailCreate)
    svcMessageCreate                         0x00002bfb   Thumb Code    36  rt_cmsis.o(i.svcMessageCreate)
    svcMessageGet                            0x00002c1f   Thumb Code    58  rt_cmsis.o(i.svcMessageGet)
    svcMessagePut                            0x00002c59   Thumb Code    54  rt_cmsis.o(i.svcMessagePut)
    svcMutexCreate                           0x00002c8f   Thumb Code    28  rt_cmsis.o(i.svcMutexCreate)
    svcMutexRelease                          0x00002cab   Thumb Code    34  rt_cmsis.o(i.svcMutexRelease)
    svcMutexWait                             0x00002ccd   Thumb Code    54  rt_cmsis.o(i.svcMutexWait)
    svcPoolCreate                            0x00002d03   Thumb Code    40  rt_cmsis.o(i.svcPoolCreate)
    svcThreadCreate                          0x00002d2d   Thumb Code   100  rt_cmsis.o(i.svcThreadCreate)
    svcThreadGetId                           0x00002d9d   Thumb Code    22  rt_cmsis.o(i.svcThreadGetId)
    svcThreadTerminate                       0x00002db9   Thumb Code    50  rt_cmsis.o(i.svcThreadTerminate)
    svcTimerCall                             0x00002df1   Thumb Code    24  rt_cmsis.o(i.svcTimerCall)
    sysMailAlloc                             0x00002e09   Thumb Code   108  rt_cmsis.o(i.sysMailAlloc)
    sysMailFree                              0x00002e79   Thumb Code    96  rt_cmsis.o(i.sysMailFree)
    sysPoolAlloc                             0x00002ed9   Thumb Code    32  rt_cmsis.o(i.sysPoolAlloc)
    sysPoolFree                              0x00002ef9   Thumb Code    20  rt_cmsis.o(i.sysPoolFree)
    sysTimerTick                             0x00002f0d   Thumb Code    76  rt_cmsis.o(i.sysTimerTick)
    Font_6x8_h                               0x00002f60   Data         896  glcd.o(.constdata)
    Font_16x24_h                             0x000032e0   Data        5376  glcd.o(.constdata)
    os_mutex_def_mutex_1                     0x000047e0   Data           4  main.o(.constdata)
    os_mailQ_def_mail                        0x000047e4   Data          12  main.o(.constdata)
    os_pool_def_mpool                        0x000047f0   Data          12  main.o(.constdata)
    os_messageQ_def_MsgBox                   0x000047fc   Data           8  main.o(.constdata)
    os_thread_def_Thread1                    0x00004804   Data          16  main.o(.constdata)
    os_thread_def_Thread2                    0x00004814   Data          16  main.o(.constdata)
    os_thread_def_Thread3                    0x00004824   Data          16  main.o(.constdata)
    os_thread_def_Thread4                    0x00004834   Data          16  main.o(.constdata)
    os_maxtaskrun                            0x00004844   Data           2  rtx_conf_cm.o(.constdata)
    os_stackinfo                             0x00004848   Data           4  rtx_conf_cm.o(.constdata)
    os_rrobin                                0x0000484c   Data           4  rtx_conf_cm.o(.constdata)
    os_tickfreq                              0x00004850   Data           4  rtx_conf_cm.o(.constdata)
    os_tickus_i                              0x00004854   Data           2  rtx_conf_cm.o(.constdata)
    os_tickus_f                              0x00004856   Data           2  rtx_conf_cm.o(.constdata)
    os_trv                                   0x00004858   Data           4  rtx_conf_cm.o(.constdata)
    os_flags                                 0x0000485c   Data           1  rtx_conf_cm.o(.constdata)
    CMSIS_RTOS_API_Version                   0x00004860   Data           4  rtx_conf_cm.o(.constdata)
    CMSIS_RTOS_RTX_Version                   0x00004864   Data           4  rtx_conf_cm.o(.constdata)
    os_clockrate                             0x00004868   Data           4  rtx_conf_cm.o(.constdata)
    os_timernum                              0x0000486c   Data           4  rtx_conf_cm.o(.constdata)
    mp_tcb_size                              0x00004870   Data           2  rtx_conf_cm.o(.constdata)
    mp_stk_size                              0x00004874   Data           4  rtx_conf_cm.o(.constdata)
    os_stack_sz                              0x00004878   Data           4  rtx_conf_cm.o(.constdata)
    os_fifo_size                             0x0000487c   Data           1  rtx_conf_cm.o(.constdata)
    os_thread_def_osTimerThread              0x00004880   Data          16  rtx_conf_cm.o(.constdata)
    os_messageQ_def_osTimerMessageQ          0x00004890   Data           8  rtx_conf_cm.o(.constdata)
    mp_tmr_size                              0x00004898   Data           2  rtx_conf_cm.o(.constdata)
    Region$$Table$$Base                      0x0000489c   Number         0  anon$$obj.o(Region$$Table)
    Region$$Table$$Limit                     0x000048bc   Number         0  anon$$obj.o(Region$$Table)
    AD_last                                  0x10000000   Data           2  adc.o(.data)
    AD_done                                  0x10000002   Data           1  adc.o(.data)
    mutex_1                                  0x1000000c   Data           4  main.o(.data)
    info                                     0x10000010   Data         150  main.o(.data)
    os_mailQ_p_mail                          0x100000a8   Data           8  main.o(.data)
    mail                                     0x100000b0   Data           4  main.o(.data)
    tid_Thread1                              0x100000b4   Data           4  main.o(.data)
    tid_Thread2                              0x100000b8   Data           4  main.o(.data)
    tid_Thread3                              0x100000bc   Data           4  main.o(.data)
    tid_Thread4                              0x100000c0   Data           4  main.o(.data)
    mpool                                    0x100000c4   Data           4  main.o(.data)
    MsgBox                                   0x100000c8   Data           4  main.o(.data)
    osThreadId_osTimerThread                 0x100000cc   Data           4  rtx_conf_cm.o(.data)
    osMessageQId_osTimerMessageQ             0x100000d0   Data           4  rtx_conf_cm.o(.data)
    os_tmr                                   0x100000d4   Data           4  rtx_conf_cm.o(.data)
    m_tmr                                    0x100000d8   Data           4  rtx_conf_cm.o(.data)
    os_thread_def_main                       0x100000e0   Data          16  rtx_conf_cm.o(.data)
    SystemCoreClock                          0x100000f0   Data           4  system_lpc17xx.o(.data)
    os_initialized                           0x100000f4   Data           1  rt_cmsis.o(.data)
    os_running                               0x100000f5   Data           1  rt_cmsis.o(.data)
    os_timer_head                            0x100000f8   Data           4  rt_cmsis.o(.data)
    os_tsk                                   0x100000fc   Data           8  rt_task.o(.data)
    os_tick_irqn                             0x10000108   Data           4  rt_system.o(.data)
    os_time                                  0x1000010c   Data           4  rt_time.o(.data)
    os_robin                                 0x10000110   Data           8  rt_robin.o(.data)
    dbg_msg                                  0x10000118   Data           1  hal_cm.o(.data)
    os_mutex_cb_mutex_1                      0x1000011c   Data          16  main.o(.bss)
    os_mailQ_q_mail                          0x1000012c   Data          80  main.o(.bss)
    os_mailQ_m_mail                          0x1000017c   Data         204  main.o(.bss)
    os_pool_m_mpool                          0x10000248   Data         140  main.o(.bss)
    os_messageQ_q_MsgBox                     0x100002d4   Data          80  main.o(.bss)
    mp_tcb                                   0x10000328   Data         376  rtx_conf_cm.o(.bss)
    mp_stk                                   0x100004a0   Data        1216  rtx_conf_cm.o(.bss)
    os_stack_mem                             0x10000960   Data         432  rtx_conf_cm.o(.bss)
    os_fifo                                  0x10000b10   Data         132  rtx_conf_cm.o(.bss)
    os_active_TCB                            0x10000b94   Data          28  rtx_conf_cm.o(.bss)
    os_messageQ_q_osTimerMessageQ            0x10000bb0   Data          32  rtx_conf_cm.o(.bss)
    os_idle_TCB                              0x10000ef0   Data          52  rt_task.o(.bss)
    os_rdy                                   0x10000f24   Data          24  rt_list.o(.bss)
    os_dly                                   0x10000f3c   Data          24  rt_list.o(.bss)
    __libspace_start                         0x10000f54   Data          96  libspace.o(.bss)
    __temporary_stack_top$libspace           0x10000fb4   Data           0  libspace.o(.bss)



==============================================================================

Memory Map of the image

  Image Entry point : 0x000000cd

  Load Region LR_IROM1 (Base: 0x00000000, Size: 0x000049d8, Max: 0x00080000, ABSOLUTE)

    Execution Region ER_IROM1 (Base: 0x00000000, Size: 0x000048bc, Max: 0x00080000, ABSOLUTE)

    Base Addr    Size         Type   Attr      Idx    E Section Name        Object

    0x00000000   0x000000cc   Data   RO          239    RESET               startup_lpc17xx.o
    0x000000cc   0x00000008   Code   RO         1492  * !!!main             c_w.l(__main.o)
    0x000000d4   0x00000034   Code   RO         1630    !!!scatter          c_w.l(__scatter.o)
    0x00000108   0x0000001a   Code   RO         1632    !!handler_copy      c_w.l(__scatter_copy.o)
    0x00000122   0x00000002   PAD
    0x00000124   0x0000001c   Code   RO         1634    !!handler_zi        c_w.l(__scatter_zi.o)
    0x00000140   0x00000002   Code   RO         1491    .ARM.Collect$$libinit$$00000000  c_w.l(libinit.o)
    0x00000142   0x00000000   Code   RO         1501    .ARM.Collect$$libinit$$00000002  c_w.l(libinit2.o)
    0x00000142   0x00000000   Code   RO         1503    .ARM.Collect$$libinit$$00000004  c_w.l(libinit2.o)
    0x00000142   0x00000000   Code   RO         1506    .ARM.Collect$$libinit$$0000000A  c_w.l(libinit2.o)
    0x00000142   0x00000000   Code   RO         1508    .ARM.Collect$$libinit$$0000000C  c_w.l(libinit2.o)
    0x00000142   0x00000000   Code   RO         1510    .ARM.Collect$$libinit$$0000000E  c_w.l(libinit2.o)
    0x00000142   0x00000000   Code   RO         1513    .ARM.Collect$$libinit$$00000011  c_w.l(libinit2.o)
    0x00000142   0x00000000   Code   RO         1515    .ARM.Collect$$libinit$$00000013  c_w.l(libinit2.o)
    0x00000142   0x00000000   Code   RO         1517    .ARM.Collect$$libinit$$00000015  c_w.l(libinit2.o)
    0x00000142   0x00000000   Code   RO         1519    .ARM.Collect$$libinit$$00000017  c_w.l(libinit2.o)
    0x00000142   0x00000000   Code   RO         1521    .ARM.Collect$$libinit$$00000019  c_w.l(libinit2.o)
    0x00000142   0x00000000   Code   RO         1523    .ARM.Collect$$libinit$$0000001B  c_w.l(libinit2.o)
    0x00000142   0x00000000   Code   RO         1525    .ARM.Collect$$libinit$$0000001D  c_w.l(libinit2.o)
    0x00000142   0x00000000   Code   RO         1527    .ARM.Collect$$libinit$$0000001F  c_w.l(libinit2.o)
    0x00000142   0x00000000   Code   RO         1529    .ARM.Collect$$libinit$$00000021  c_w.l(libinit2.o)
    0x00000142   0x00000000   Code   RO         1531    .ARM.Collect$$libinit$$00000023  c_w.l(libinit2.o)
    0x00000142   0x00000000   Code   RO         1533    .ARM.Collect$$libinit$$00000025  c_w.l(libinit2.o)
    0x00000142   0x00000000   Code   RO         1537    .ARM.Collect$$libinit$$0000002C  c_w.l(libinit2.o)
    0x00000142   0x00000000   Code   RO         1539    .ARM.Collect$$libinit$$0000002E  c_w.l(libinit2.o)
    0x00000142   0x00000000   Code   RO         1541    .ARM.Collect$$libinit$$00000030  c_w.l(libinit2.o)
    0x00000142   0x00000000   Code   RO         1543    .ARM.Collect$$libinit$$00000032  c_w.l(libinit2.o)
    0x00000142   0x00000002   Code   RO         1544    .ARM.Collect$$libinit$$00000033  c_w.l(libinit2.o)
    0x00000144   0x00000002   Code   RO         1570    .ARM.Collect$$libshutdown$$00000000  c_w.l(libshutdown.o)
    0x00000146   0x00000000   Code   RO         1589    .ARM.Collect$$libshutdown$$00000002  c_w.l(libshutdown2.o)
    0x00000146   0x00000000   Code   RO         1591    .ARM.Collect$$libshutdown$$00000004  c_w.l(libshutdown2.o)
    0x00000146   0x00000000   Code   RO         1594    .ARM.Collect$$libshutdown$$00000007  c_w.l(libshutdown2.o)
    0x00000146   0x00000000   Code   RO         1597    .ARM.Collect$$libshutdown$$0000000A  c_w.l(libshutdown2.o)
    0x00000146   0x00000000   Code   RO         1599    .ARM.Collect$$libshutdown$$0000000C  c_w.l(libshutdown2.o)
    0x00000146   0x00000000   Code   RO         1602    .ARM.Collect$$libshutdown$$0000000F  c_w.l(libshutdown2.o)
    0x00000146   0x00000002   Code   RO         1603    .ARM.Collect$$libshutdown$$00000010  c_w.l(libshutdown2.o)
    0x00000148   0x00000002   Code   RO         1494    .ARM.Collect$$rtexit$$00000000  c_w.l(rtexit.o)
    0x0000014a   0x00000000   Code   RO         1546    .ARM.Collect$$rtexit$$00000002  c_w.l(rtexit2.o)
    0x0000014a   0x00000004   Code   RO         1547    .ARM.Collect$$rtexit$$00000003  c_w.l(rtexit2.o)
    0x0000014e   0x00000006   Code   RO         1548    .ARM.Collect$$rtexit$$00000004  c_w.l(rtexit2.o)
    0x00000154   0x00000024   Code   RO          176    .emb_text           rtx_conf_cm.o
    0x00000178   0x00000130   Code   RO         1465    .emb_text           RTX_CM3.lib(hal_cm3.o)
    0x000002a8   0x0000003c   Code   RO          241    .text               startup_lpc17xx.o
    0x000002e4   0x00000008   Code   RO         1480    .text               c_w.l(libspace.o)
    0x000002ec   0x00000006   Code   RO         1489    .text               c_w.l(heapauxi.o)
    0x000002f2   0x00000002   Code   RO         1573    .text               c_w.l(use_no_semi.o)
    0x000002f4   0x00000000   Code   RO         1575    .text               c_w.l(indicate_semi.o)
    0x000002f4   0x00000004   Code   RO         1475    SVC_TABLE           RTX_CM3.lib(svc_table.o)
    0x000002f8   0x00000002   Code   RO         1012    i.os_tick_irqack    RTX_CM3.lib(rt_system.o)
    0x000002fa   0x00000002   PAD
    0x000002fc   0x00000004   Code   RO          240    .ARM.__at_0x02FC    startup_lpc17xx.o
    0x00000300   0x000000a8   Code   RO            4    .text               adc.o
    0x000003a8   0x00000b9c   Code   RO           57    .text               glcd.o
    0x00000f44   0x000003b0   Code   RO          101    .text               main.o
    0x000012f4   0x000000a4   Code   RO          177    .text               rtx_conf_cm.o
    0x00001398   0x000002f0   Code   RO          210    .text               system_lpc17xx.o
    0x00001688   0x0000004a   Code   RO         1483    .text               c_w.l(sys_stackheap_outer.o)
    0x000016d2   0x000000ee   Code   RO         1485    .text               c_w.l(lludivv7m.o)
    0x000017c0   0x00000012   Code   RO         1487    .text               c_w.l(exit.o)
    0x000017d2   0x00000002   PAD
    0x000017d4   0x0000000c   Code   RO         1558    .text               c_w.l(sys_exit.o)
    0x000017e0   0x00000046   Code   RO         1364    i._init_box         RTX_CM3.lib(rt_membox.o)
    0x00001826   0x00000002   PAD
    0x00001828   0x00000030   Code   RO         1417    i.dbg_init          RTX_CM3.lib(hal_cm.o)
    0x00001858   0x00000020   Code   RO         1418    i.dbg_task_notify   RTX_CM3.lib(hal_cm.o)
    0x00001878   0x00000010   Code   RO         1419    i.dbg_task_switch   RTX_CM3.lib(hal_cm.o)
    0x00001888   0x0000002c   Code   RO          297    i.isrMessagePut     RTX_CM3.lib(rt_cmsis.o)
    0x000018b4   0x00000050   Code   RO         1219    i.isr_mbx_receive   RTX_CM3.lib(rt_mailbox.o)
    0x00001904   0x0000000e   Code   RO         1220    i.isr_mbx_send      RTX_CM3.lib(rt_mailbox.o)
    0x00001912   0x00000002   PAD
    0x00001914   0x00000018   Code   RO          298    i.osDelay           RTX_CM3.lib(rt_cmsis.o)
    0x0000192c   0x00000024   Code   RO          299    i.osKernelInitialize  RTX_CM3.lib(rt_cmsis.o)
    0x00001950   0x0000006c   Code   RO          301    i.osKernelStart     RTX_CM3.lib(rt_cmsis.o)
    0x000019bc   0x00000018   Code   RO          302    i.osKernelSysTick   RTX_CM3.lib(rt_cmsis.o)
    0x000019d4   0x00000020   Code   RO          303    i.osMailAlloc       RTX_CM3.lib(rt_cmsis.o)
    0x000019f4   0x00000030   Code   RO          305    i.osMailCreate      RTX_CM3.lib(rt_cmsis.o)
    0x00001a24   0x0000001c   Code   RO          306    i.osMailFree        RTX_CM3.lib(rt_cmsis.o)
    0x00001a40   0x00000016   Code   RO          307    i.osMailGet         RTX_CM3.lib(rt_cmsis.o)
    0x00001a56   0x00000014   Code   RO          308    i.osMailPut         RTX_CM3.lib(rt_cmsis.o)
    0x00001a6a   0x00000002   PAD
    0x00001a6c   0x00000030   Code   RO          309    i.osMessageCreate   RTX_CM3.lib(rt_cmsis.o)
    0x00001a9c   0x00000044   Code   RO          310    i.osMessageGet      RTX_CM3.lib(rt_cmsis.o)
    0x00001ae0   0x00000018   Code   RO          311    i.osMessagePut      RTX_CM3.lib(rt_cmsis.o)
    0x00001af8   0x00000030   Code   RO          312    i.osMutexCreate     RTX_CM3.lib(rt_cmsis.o)
    0x00001b28   0x00000018   Code   RO          314    i.osMutexRelease    RTX_CM3.lib(rt_cmsis.o)
    0x00001b40   0x00000018   Code   RO          315    i.osMutexWait       RTX_CM3.lib(rt_cmsis.o)
    0x00001b58   0x00000024   Code   RO          316    i.osPoolAlloc       RTX_CM3.lib(rt_cmsis.o)
    0x00001b7c   0x00000030   Code   RO          318    i.osPoolCreate      RTX_CM3.lib(rt_cmsis.o)
    0x00001bac   0x00000020   Code   RO          319    i.osPoolFree        RTX_CM3.lib(rt_cmsis.o)
    0x00001bcc   0x00000030   Code   RO          327    i.osThreadCreate    RTX_CM3.lib(rt_cmsis.o)
    0x00001bfc   0x00000018   Code   RO          328    i.osThreadExit      RTX_CM3.lib(rt_cmsis.o)
    0x00001c14   0x0000000c   Code   RO          334    i.osTimerCall       RTX_CM3.lib(rt_cmsis.o)
    0x00001c20   0x0000002c   Code   RO          339    i.osTimerThread     RTX_CM3.lib(rt_cmsis.o)
    0x00001c4c   0x00000028   Code   RO         1011    i.os_tick_init      RTX_CM3.lib(rt_system.o)
    0x00001c74   0x00000010   Code   RO         1013    i.os_tick_ovf       RTX_CM3.lib(rt_system.o)
    0x00001c84   0x00000014   Code   RO         1014    i.os_tick_val       RTX_CM3.lib(rt_system.o)
    0x00001c98   0x0000001a   Code   RO         1365    i.rt_alloc_box      RTX_CM3.lib(rt_membox.o)
    0x00001cb2   0x0000003c   Code   RO         1393    i.rt_alloc_mem      RTX_CM3.lib(rt_memory.o)
    0x00001cee   0x00000002   PAD
    0x00001cf0   0x00000038   Code   RO          896    i.rt_block          RTX_CM3.lib(rt_task.o)
    0x00001d28   0x00000048   Code   RO         1342    i.rt_chk_robin      RTX_CM3.lib(rt_robin.o)
    0x00001d70   0x00000014   Code   RO          343    i.rt_clr_box        RTX_CM3.lib(rt_cmsis.o)
    0x00001d84   0x00000070   Code   RO         1143    i.rt_dec_dly        RTX_CM3.lib(rt_list.o)
    0x00001df4   0x00000044   Code   RO          897    i.rt_dispatch       RTX_CM3.lib(rt_task.o)
    0x00001e38   0x00000006   Code   RO         1309    i.rt_dly_wait       RTX_CM3.lib(rt_time.o)
    0x00001e3e   0x00000002   PAD
    0x00001e40   0x00000050   Code   RO         1104    i.rt_evt_psh        RTX_CM3.lib(rt_event.o)
    0x00001e90   0x00000020   Code   RO         1366    i.rt_free_box       RTX_CM3.lib(rt_membox.o)
    0x00001eb0   0x00000028   Code   RO         1394    i.rt_free_mem       RTX_CM3.lib(rt_memory.o)
    0x00001ed8   0x00000028   Code   RO         1144    i.rt_get_first      RTX_CM3.lib(rt_list.o)
    0x00001f00   0x00000008   Code   RO          344    i.rt_id2obj         RTX_CM3.lib(rt_cmsis.o)
    0x00001f08   0x00000048   Code   RO          898    i.rt_init_context   RTX_CM3.lib(rt_task.o)
    0x00001f50   0x0000001a   Code   RO         1395    i.rt_init_mem       RTX_CM3.lib(rt_memory.o)
    0x00001f6a   0x00000002   PAD
    0x00001f6c   0x00000018   Code   RO         1343    i.rt_init_robin     RTX_CM3.lib(rt_robin.o)
    0x00001f84   0x00000050   Code   RO         1420    i.rt_init_stack     RTX_CM3.lib(hal_cm.o)
    0x00001fd4   0x00000008   Code   RO         1221    i.rt_mbx_check      RTX_CM3.lib(rt_mailbox.o)
    0x00001fdc   0x0000001c   Code   RO         1222    i.rt_mbx_init       RTX_CM3.lib(rt_mailbox.o)
    0x00001ff8   0x000000f0   Code   RO         1223    i.rt_mbx_psh        RTX_CM3.lib(rt_mailbox.o)
    0x000020e8   0x00000098   Code   RO         1224    i.rt_mbx_send       RTX_CM3.lib(rt_mailbox.o)
    0x00002180   0x000000b0   Code   RO         1225    i.rt_mbx_wait       RTX_CM3.lib(rt_mailbox.o)
    0x00002230   0x0000003c   Code   RO          345    i.rt_ms2tick        RTX_CM3.lib(rt_cmsis.o)
    0x0000226c   0x00000010   Code   RO          981    i.rt_mut_init       RTX_CM3.lib(rt_mutex.o)
    0x0000227c   0x000000d8   Code   RO          982    i.rt_mut_release    RTX_CM3.lib(rt_mutex.o)
    0x00002354   0x00000068   Code   RO          983    i.rt_mut_wait       RTX_CM3.lib(rt_mutex.o)
    0x000023bc   0x0000007c   Code   RO         1015    i.rt_pop_req        RTX_CM3.lib(rt_system.o)
    0x00002438   0x00000020   Code   RO         1016    i.rt_psh_req        RTX_CM3.lib(rt_system.o)
    0x00002458   0x00000058   Code   RO         1146    i.rt_psq_enq        RTX_CM3.lib(rt_list.o)
    0x000024b0   0x00000048   Code   RO         1147    i.rt_put_dly        RTX_CM3.lib(rt_list.o)
    0x000024f8   0x00000036   Code   RO         1148    i.rt_put_prio       RTX_CM3.lib(rt_list.o)
    0x0000252e   0x00000002   PAD
    0x00002530   0x00000014   Code   RO         1149    i.rt_put_rdy_first  RTX_CM3.lib(rt_list.o)
    0x00002544   0x00000034   Code   RO         1150    i.rt_resort_prio    RTX_CM3.lib(rt_list.o)
    0x00002578   0x00000006   Code   RO         1421    i.rt_ret_val        RTX_CM3.lib(hal_cm.o)
    0x0000257e   0x00000008   Code   RO         1422    i.rt_ret_val2       RTX_CM3.lib(hal_cm.o)
    0x00002586   0x00000028   Code   RO         1151    i.rt_rmv_dly        RTX_CM3.lib(rt_list.o)
    0x000025ae   0x00000002   PAD
    0x000025b0   0x00000030   Code   RO         1152    i.rt_rmv_list       RTX_CM3.lib(rt_list.o)
    0x000025e0   0x00000034   Code   RO         1270    i.rt_sem_psh        RTX_CM3.lib(rt_semaphore.o)
    0x00002614   0x00000024   Code   RO         1018    i.rt_stk_check      RTX_CM3.lib(rt_system.o)
    0x00002638   0x00000028   Code   RO          899    i.rt_switch_req     RTX_CM3.lib(rt_task.o)
    0x00002660   0x000000cc   Code   RO          900    i.rt_sys_init       RTX_CM3.lib(rt_task.o)
    0x0000272c   0x00000078   Code   RO          901    i.rt_sys_start      RTX_CM3.lib(rt_task.o)
    0x000027a4   0x00000040   Code   RO         1020    i.rt_systick        RTX_CM3.lib(rt_system.o)
    0x000027e4   0x00000012   Code   RO          346    i.rt_tid2ptcb       RTX_CM3.lib(rt_cmsis.o)
    0x000027f6   0x00000002   PAD
    0x000027f8   0x00000038   Code   RO          347    i.rt_timer_insert   RTX_CM3.lib(rt_cmsis.o)
    0x00002830   0x00000084   Code   RO          902    i.rt_tsk_create     RTX_CM3.lib(rt_task.o)
    0x000028b4   0x00000174   Code   RO          903    i.rt_tsk_delete     RTX_CM3.lib(rt_task.o)
    0x00002a28   0x0000007c   Code   RO          905    i.rt_tsk_prio       RTX_CM3.lib(rt_task.o)
    0x00002aa4   0x00000010   Code   RO          906    i.rt_tsk_self       RTX_CM3.lib(rt_task.o)
    0x00002ab4   0x00000014   Code   RO          349    i.svcDelay          RTX_CM3.lib(rt_cmsis.o)
    0x00002ac8   0x00000070   Code   RO          350    i.svcKernelInitialize  RTX_CM3.lib(rt_cmsis.o)
    0x00002b38   0x00000048   Code   RO          352    i.svcKernelStart    RTX_CM3.lib(rt_cmsis.o)
    0x00002b80   0x00000038   Code   RO          353    i.svcKernelSysTick  RTX_CM3.lib(rt_cmsis.o)
    0x00002bb8   0x00000042   Code   RO          354    i.svcMailCreate     RTX_CM3.lib(rt_cmsis.o)
    0x00002bfa   0x00000024   Code   RO          355    i.svcMessageCreate  RTX_CM3.lib(rt_cmsis.o)
    0x00002c1e   0x0000003a   Code   RO          356    i.svcMessageGet     RTX_CM3.lib(rt_cmsis.o)
    0x00002c58   0x00000036   Code   RO          357    i.svcMessagePut     RTX_CM3.lib(rt_cmsis.o)
    0x00002c8e   0x0000001c   Code   RO          358    i.svcMutexCreate    RTX_CM3.lib(rt_cmsis.o)
    0x00002caa   0x00000022   Code   RO          360    i.svcMutexRelease   RTX_CM3.lib(rt_cmsis.o)
    0x00002ccc   0x00000036   Code   RO          361    i.svcMutexWait      RTX_CM3.lib(rt_cmsis.o)
    0x00002d02   0x00000028   Code   RO          362    i.svcPoolCreate     RTX_CM3.lib(rt_cmsis.o)
    0x00002d2a   0x00000002   PAD
    0x00002d2c   0x00000070   Code   RO          370    i.svcThreadCreate   RTX_CM3.lib(rt_cmsis.o)
    0x00002d9c   0x0000001c   Code   RO          371    i.svcThreadGetId    RTX_CM3.lib(rt_cmsis.o)
    0x00002db8   0x00000038   Code   RO          374    i.svcThreadTerminate  RTX_CM3.lib(rt_cmsis.o)
    0x00002df0   0x00000018   Code   RO          376    i.svcTimerCall      RTX_CM3.lib(rt_cmsis.o)
    0x00002e08   0x00000070   Code   RO          381    i.sysMailAlloc      RTX_CM3.lib(rt_cmsis.o)
    0x00002e78   0x00000060   Code   RO          382    i.sysMailFree       RTX_CM3.lib(rt_cmsis.o)
    0x00002ed8   0x00000020   Code   RO          383    i.sysPoolAlloc      RTX_CM3.lib(rt_cmsis.o)
    0x00002ef8   0x00000014   Code   RO          384    i.sysPoolFree       RTX_CM3.lib(rt_cmsis.o)
    0x00002f0c   0x00000054   Code   RO          385    i.sysTimerTick      RTX_CM3.lib(rt_cmsis.o)
    0x00002f60   0x00001880   Data   RO           58    .constdata          glcd.o
    0x000047e0   0x00000064   Data   RO          103    .constdata          main.o
    0x00004844   0x00000056   Data   RO          179    .constdata          rtx_conf_cm.o
    0x0000489a   0x00000002   PAD
    0x0000489c   0x00000020   Data   RO         1628    Region$$Table       anon$$obj.o


    Execution Region RW_IRAM1 (Base: 0x10000000, Size: 0x000011b8, Max: 0x00008000, ABSOLUTE)

    Base Addr    Size         Type   Attr      Idx    E Section Name        Object

    0x10000000   0x00000003   Data   RW            5    .data               adc.o
    0x10000003   0x00000001   PAD
    0x10000004   0x00000005   Data   RW           59    .data               glcd.o
    0x10000009   0x00000003   PAD
    0x1000000c   0x000000c0   Data   RW          104    .data               main.o
    0x100000cc   0x00000024   Data   RW          180    .data               rtx_conf_cm.o
    0x100000f0   0x00000004   Data   RW          211    .data               system_lpc17xx.o
    0x100000f4   0x00000008   Data   RW          388    .data               RTX_CM3.lib(rt_cmsis.o)
    0x100000fc   0x00000008   Data   RW          908    .data               RTX_CM3.lib(rt_task.o)
    0x10000104   0x00000008   Data   RW         1023    .data               RTX_CM3.lib(rt_system.o)
    0x1000010c   0x00000004   Data   RW         1313    .data               RTX_CM3.lib(rt_time.o)
    0x10000110   0x00000008   Data   RW         1344    .data               RTX_CM3.lib(rt_robin.o)
    0x10000118   0x00000001   Data   RW         1423    .data               RTX_CM3.lib(hal_cm.o)
    0x10000119   0x00000003   PAD
    0x1000011c   0x00000208   Zero   RW          102    .bss                main.o
    0x10000324   0x00000004   PAD
    0x10000328   0x00000bc8   Zero   RW          178    .bss                rtx_conf_cm.o
    0x10000ef0   0x00000034   Zero   RW          907    .bss                RTX_CM3.lib(rt_task.o)
    0x10000f24   0x00000030   Zero   RW         1153    .bss                RTX_CM3.lib(rt_list.o)
    0x10000f54   0x00000060   Zero   RW         1481    .bss                c_w.l(libspace.o)
    0x10000fb4   0x00000004   PAD
    0x10000fb8   0x00000000   Zero   RW          238    HEAP                startup_lpc17xx.o
    0x10000fb8   0x00000200   Zero   RW          237    STACK               startup_lpc17xx.o


==============================================================================

Image component sizes


      Code (inc. data)   RO Data    RW Data    ZI Data      Debug   Object Name

       168         26          0          3          0       5517   adc.o
      2972         52       6272          5          0       9524   glcd.o
       944        130        100        192        520       7726   main.o
       200         34         86         36       3016       8605   rtx_conf_cm.o
        64         26        204          0        512       1032   startup_lpc17xx.o
       752         30          0          4          0       1109   system_lpc17xx.o

    ----------------------------------------------------------------------
      5100        298       6696        244       4052      33513   Object Totals
         0          0         32          0          0          0   (incl. Generated)
         0          0          2          4          4          0   (incl. Padding)

    ----------------------------------------------------------------------

      Code (inc. data)   RO Data    RW Data    ZI Data      Debug   Library Member Name

       190         24          0          1          0       2404   hal_cm.o
       304         36          0          0          0        684   hal_cm3.o
      2222        250          0          8          0      39807   rt_cmsis.o
        80          4          0          0          0        493   rt_event.o
       526         36          0          0         48       6513   rt_list.o
       698         16          0          0          0       3531   rt_mailbox.o
       128          0          0          0          0       1441   rt_membox.o
       126          0          0          0          0       1751   rt_memory.o
       336         12          0          0          0       1613   rt_mutex.o
        96         22          0          8          0        918   rt_robin.o
        52          4          0          0          0        437   rt_semaphore.o
       334         66          0          8          0       5983   rt_system.o
      1204        176          0          8         52       7829   rt_task.o
         6          0          0          4          0        476   rt_time.o
         4          4          0          0          0        124   svc_table.o
         8          0          0          0          0         68   __main.o
        52          8          0          0          0          0   __scatter.o
        26          0          0          0          0          0   __scatter_copy.o
        28          0          0          0          0          0   __scatter_zi.o
        18          0          0          0          0         80   exit.o
         6          0          0          0          0        152   heapauxi.o
         0          0          0          0          0          0   indicate_semi.o
         2          0          0          0          0          0   libinit.o
         2          0          0          0          0          0   libinit2.o
         2          0          0          0          0          0   libshutdown.o
         2          0          0          0          0          0   libshutdown2.o
         8          4          0          0         96         68   libspace.o
       238          0          0          0          0        100   lludivv7m.o
         2          0          0          0          0          0   rtexit.o
        10          0          0          0          0          0   rtexit2.o
        12          4          0          0          0         68   sys_exit.o
        74          0          0          0          0         80   sys_stackheap_outer.o
         2          0          0          0          0         68   use_no_semi.o

    ----------------------------------------------------------------------
      6824        666          0         40        200      74688   Library Totals
        26          0          0          3          4          0   (incl. Padding)

    ----------------------------------------------------------------------

      Code (inc. data)   RO Data    RW Data    ZI Data      Debug   Library Name

      6306        650          0         37        100      74004   RTX_CM3.lib
       492         16          0          0         96        684   c_w.l

    ----------------------------------------------------------------------
      6824        666          0         40        200      74688   Library Totals

    ----------------------------------------------------------------------

==============================================================================


      Code (inc. data)   RO Data    RW Data    ZI Data      Debug   

     11924        964       6696        284       4252     102425   Grand Totals
     11924        964       6696        284       4252     102425   ELF Image Totals
     11924        964       6696        284          0          0   ROM Totals

==============================================================================

    Total RO  Size (Code + RO Data)                18620 (  18.18kB)
    Total RW  Size (RW Data + ZI Data)              4536 (   4.43kB)
    Total ROM Size (Code + RO Data + RW Data)      18904 (  18.46kB)

==============================================================================

